Archive member included to satisfy reference by file (symbol)

c:/vsarm/armcc/102020~1/bin/../lib/gcc/arm-none-eabi/10.2.1/thumb/v6-m/nofp\libgcc.a(_dvmd_tls.o)
                              CMakeFiles/EMBEDDED_NODE_RP2040.dir/C_/VSARM/sdk/pico/pico-sdk/src/rp2_common/pico_divider/divider.S.obj (__aeabi_idiv0)
c:/vsarm/armcc/102020~1/bin/../lib/gcc/arm-none-eabi/10.2.1/../../../../arm-none-eabi/lib/thumb/v6-m/nofp\libg.a(lib_a-calloc.o)
                              CMakeFiles/EMBEDDED_NODE_RP2040.dir/C_/VSARM/sdk/pico/pico-sdk/src/rp2_common/pico_malloc/pico_malloc.c.obj (calloc)
c:/vsarm/armcc/102020~1/bin/../lib/gcc/arm-none-eabi/10.2.1/../../../../arm-none-eabi/lib/thumb/v6-m/nofp\libg.a(lib_a-callocr.o)
                              c:/vsarm/armcc/102020~1/bin/../lib/gcc/arm-none-eabi/10.2.1/../../../../arm-none-eabi/lib/thumb/v6-m/nofp\libg.a(lib_a-calloc.o) (_calloc_r)
c:/vsarm/armcc/102020~1/bin/../lib/gcc/arm-none-eabi/10.2.1/../../../../arm-none-eabi/lib/thumb/v6-m/nofp\libg.a(lib_a-impure.o)
                              c:/vsarm/armcc/102020~1/bin/../lib/gcc/arm-none-eabi/10.2.1/../../../../arm-none-eabi/lib/thumb/v6-m/nofp\libg.a(lib_a-calloc.o) (_impure_ptr)
c:/vsarm/armcc/102020~1/bin/../lib/gcc/arm-none-eabi/10.2.1/../../../../arm-none-eabi/lib/thumb/v6-m/nofp\libg.a(lib_a-init.o)
                              c:/vsarm/armcc/102020~1/bin/../lib/gcc/arm-none-eabi/10.2.1/../../../../arm-none-eabi/lib/thumb/v6-m/nofp/crt0.o (__libc_init_array)
c:/vsarm/armcc/102020~1/bin/../lib/gcc/arm-none-eabi/10.2.1/../../../../arm-none-eabi/lib/thumb/v6-m/nofp\libg.a(lib_a-malloc.o)
                              CMakeFiles/EMBEDDED_NODE_RP2040.dir/C_/VSARM/sdk/pico/pico-sdk/src/rp2_common/pico_malloc/pico_malloc.c.obj (malloc)
c:/vsarm/armcc/102020~1/bin/../lib/gcc/arm-none-eabi/10.2.1/../../../../arm-none-eabi/lib/thumb/v6-m/nofp\libg.a(lib_a-mallocr.o)
                              c:/vsarm/armcc/102020~1/bin/../lib/gcc/arm-none-eabi/10.2.1/../../../../arm-none-eabi/lib/thumb/v6-m/nofp\libg.a(lib_a-callocr.o) (_malloc_r)
c:/vsarm/armcc/102020~1/bin/../lib/gcc/arm-none-eabi/10.2.1/../../../../arm-none-eabi/lib/thumb/v6-m/nofp\libg.a(lib_a-mlock.o)
                              c:/vsarm/armcc/102020~1/bin/../lib/gcc/arm-none-eabi/10.2.1/../../../../arm-none-eabi/lib/thumb/v6-m/nofp\libg.a(lib_a-mallocr.o) (__malloc_lock)
c:/vsarm/armcc/102020~1/bin/../lib/gcc/arm-none-eabi/10.2.1/../../../../arm-none-eabi/lib/thumb/v6-m/nofp\libg.a(lib_a-realloc.o)
                              CMakeFiles/EMBEDDED_NODE_RP2040.dir/C_/VSARM/sdk/pico/pico-sdk/src/rp2_common/pico_malloc/pico_malloc.c.obj (realloc)
c:/vsarm/armcc/102020~1/bin/../lib/gcc/arm-none-eabi/10.2.1/../../../../arm-none-eabi/lib/thumb/v6-m/nofp\libg.a(lib_a-reallocr.o)
                              c:/vsarm/armcc/102020~1/bin/../lib/gcc/arm-none-eabi/10.2.1/../../../../arm-none-eabi/lib/thumb/v6-m/nofp\libg.a(lib_a-realloc.o) (_realloc_r)
c:/vsarm/armcc/102020~1/bin/../lib/gcc/arm-none-eabi/10.2.1/../../../../arm-none-eabi/lib/thumb/v6-m/nofp\libg.a(lib_a-sbrkr.o)
                              c:/vsarm/armcc/102020~1/bin/../lib/gcc/arm-none-eabi/10.2.1/../../../../arm-none-eabi/lib/thumb/v6-m/nofp\libg.a(lib_a-mallocr.o) (_sbrk_r)
c:/vsarm/armcc/102020~1/bin/../lib/gcc/arm-none-eabi/10.2.1/../../../../arm-none-eabi/lib/thumb/v6-m/nofp\libg.a(lib_a-strlen-stub.o)
                              CMakeFiles/EMBEDDED_NODE_RP2040.dir/C_/VSARM/sdk/pico/pico-sdk/src/rp2_common/pico_stdio/stdio.c.obj (strlen)
c:/vsarm/armcc/102020~1/bin/../lib/gcc/arm-none-eabi/10.2.1/../../../../arm-none-eabi/lib/thumb/v6-m/nofp\libg.a(lib_a-freer.o)
                              c:/vsarm/armcc/102020~1/bin/../lib/gcc/arm-none-eabi/10.2.1/../../../../arm-none-eabi/lib/thumb/v6-m/nofp\libg.a(lib_a-malloc.o) (_free_r)
c:/vsarm/armcc/102020~1/bin/../lib/gcc/arm-none-eabi/10.2.1/../../../../arm-none-eabi/lib/thumb/v6-m/nofp\libg.a(lib_a-lock.o)
                              c:/vsarm/armcc/102020~1/bin/../lib/gcc/arm-none-eabi/10.2.1/../../../../arm-none-eabi/lib/thumb/v6-m/nofp\libg.a(lib_a-mlock.o) (__retarget_lock_acquire_recursive)
c:/vsarm/armcc/102020~1/bin/../lib/gcc/arm-none-eabi/10.2.1/../../../../arm-none-eabi/lib/thumb/v6-m/nofp\libg.a(lib_a-memmove.o)
                              c:/vsarm/armcc/102020~1/bin/../lib/gcc/arm-none-eabi/10.2.1/../../../../arm-none-eabi/lib/thumb/v6-m/nofp\libg.a(lib_a-reallocr.o) (memmove)
c:/vsarm/armcc/102020~1/bin/../lib/gcc/arm-none-eabi/10.2.1/../../../../arm-none-eabi/lib/thumb/v6-m/nofp\libg.a(lib_a-reent.o)
                              c:/vsarm/armcc/102020~1/bin/../lib/gcc/arm-none-eabi/10.2.1/../../../../arm-none-eabi/lib/thumb/v6-m/nofp\libg.a(lib_a-sbrkr.o) (errno)

Discarded input sections

 .text          0x00000000        0x0 c:/vsarm/armcc/102020~1/bin/../lib/gcc/arm-none-eabi/10.2.1/thumb/v6-m/nofp/crti.o
 .data          0x00000000        0x0 c:/vsarm/armcc/102020~1/bin/../lib/gcc/arm-none-eabi/10.2.1/thumb/v6-m/nofp/crti.o
[...]
Memory Configuration

Name             Origin             Length             Attributes
FLASH            0x10000000         0x00200000         xr
RAM              0x20000000         0x00040000         xrw
SCRATCH_X        0x20040000         0x00001000         xrw
SCRATCH_Y        0x20041000         0x00001000         xrw
*default*        0x00000000         0xffffffff

Linker script and memory map

LOAD c:/vsarm/armcc/102020~1/bin/../lib/gcc/arm-none-eabi/10.2.1/thumb/v6-m/nofp/crti.o
LOAD c:/vsarm/armcc/102020~1/bin/../lib/gcc/arm-none-eabi/10.2.1/thumb/v6-m/nofp/crtbegin.o
LOAD c:/vsarm/armcc/102020~1/bin/../lib/gcc/arm-none-eabi/10.2.1/../../../../arm-none-eabi/lib/thumb/v6-m/nofp/crt0.o

.flash_begin    0x10000000        0x0
                0x10000000                __flash_binary_start = .

.boot2          0x10000000      0x100
                0x10000000                __boot2_start__ = .
 *(.boot2)
 .boot2         0x10000000      0x100 C:\Users\ALECST~1\AppData\Local\Temp\ccqU8oIX.o
                0x10000100                __boot2_end__ = .
                0x00000001                ASSERT (((__boot2_end__ - __boot2_start__) == 0x100), ERROR: Pico second stage bootloader must be 256 bytes in size)

.text           0x10000100     0x7348
                0x10000100                __logical_binary_start = .
 *(.vectors)
 .vectors       0x10000100       0xd4 CMakeFiles/EMBEDDED_NODE_RP2040.dir/C_/VSARM/sdk/pico/pico-sdk/src/rp2_common/pico_standard_link/crt0.S.obj
                0x10000100                __VECTOR_TABLE
                0x10000100                __vectors
                0x100001c0                isr_invalid
                0x100001c0                __default_isrs_start
                0x100001c2                isr_nmi
                0x100001c4                isr_hardfault
                0x100001c6                isr_svcall
                0x100001c8                isr_pendsv
                0x100001ca                isr_systick
                0x100001cc                isr_irq23
                0x100001cc                isr_irq18
                0x100001cc                isr_irq11
                0x100001cc                isr_irq28
                0x100001cc                isr_irq19
                0x100001cc                isr_irq0
                0x100001cc                isr_irq6
                0x100001cc                isr_irq5
                0x100001cc                isr_irq12
                0x100001cc                isr_irq22
                0x100001cc                isr_irq31
                0x100001cc                isr_irq17
                0x100001cc                isr_irq27
                0x100001cc                isr_irq30
                0x100001cc                isr_irq2
                0x100001cc                isr_irq10
                0x100001cc                isr_irq8
                0x100001cc                isr_irq24
                0x100001cc                isr_irq1
                0x100001cc                isr_irq7
                0x100001cc                isr_irq21
                0x100001cc                isr_irq20
                0x100001cc                isr_irq15
                0x100001cc                isr_irq25
                0x100001cc                isr_irq13
                0x100001cc                __unhandled_user_irq
                0x100001cc                isr_irq4
                0x100001cc                isr_irq16
                0x100001cc                isr_irq29
                0x100001cc                isr_irq26
                0x100001cc                __default_isrs_end
                0x100001cc                isr_irq3
                0x100001cc                isr_irq14
                0x100001cc                isr_irq9
                0x100001d2                unhandled_user_irq_num_in_r0
 *(.binary_info_header)
 .binary_info_header
                0x100001d4       0x14 CMakeFiles/EMBEDDED_NODE_RP2040.dir/C_/VSARM/sdk/pico/pico-sdk/src/rp2_common/pico_standard_link/crt0.S.obj
                0x100001e8                __binary_info_header_end = .
 *(.reset)
 .reset         0x100001e8       0xa0 CMakeFiles/EMBEDDED_NODE_RP2040.dir/C_/VSARM/sdk/pico/pico-sdk/src/rp2_common/pico_standard_link/crt0.S.obj
                0x100001e8                _entry_point
 .reset         0x10000288       0x30 CMakeFiles/EMBEDDED_NODE_RP2040.dir/C_/VSARM/sdk/pico/pico-sdk/src/rp2_common/pico_standard_link/binary_info.c.obj
 *(.init)
 .init          0x100002b8        0x4 c:/vsarm/armcc/102020~1/bin/../lib/gcc/arm-none-eabi/10.2.1/thumb/v6-m/nofp/crti.o
                0x100002b8                _init
 *(EXCLUDE_FILE(*libm.a: *libc.a:*lib_a-mem*.o *libgcc.a:) .text*)
 .text          0x100002bc       0x48 c:/vsarm/armcc/102020~1/bin/../lib/gcc/arm-none-eabi/10.2.1/thumb/v6-m/nofp/crtbegin.o
 .text.main     0x10000304       0x8c CMakeFiles/EMBEDDED_NODE_RP2040.dir/main.c.obj
                0x10000304                main
 .text.setup_i2c
                0x10000390       0x6c CMakeFiles/EMBEDDED_NODE_RP2040.dir/i2c/i2c_protocal.c.obj
                0x10000390                setup_i2c
 .text.irq_i2c_rx_done
                0x100003fc       0x60 CMakeFiles/EMBEDDED_NODE_RP2040.dir/i2c/i2c_protocal.c.obj
                0x100003fc                irq_i2c_rx_done
 .text.irq_i2c_rd_req
                0x1000045c       0x98 CMakeFiles/EMBEDDED_NODE_RP2040.dir/i2c/i2c_protocal.c.obj
                0x1000045c                irq_i2c_rd_req
 .text.irq_i2c_func
                0x100004f4       0x2c CMakeFiles/EMBEDDED_NODE_RP2040.dir/i2c/i2c_protocal.c.obj
                0x100004f4                irq_i2c_func
 .text.sys_config
                0x10000520        0x2 CMakeFiles/EMBEDDED_NODE_RP2040.dir/vmmio/vmmio.c.obj
                0x10000520                sys_config
 *fill*         0x10000522        0x2 
 .text.f_default
                0x10000524       0x20 CMakeFiles/EMBEDDED_NODE_RP2040.dir/vmmio/vmmio.c.obj
                0x10000524                f_default
 .text.srv_claw
                0x10000544       0x30 CMakeFiles/EMBEDDED_NODE_RP2040.dir/vmmio/vmmio.c.obj
                0x10000544                srv_claw
 .text.srv_torp
                0x10000574       0x30 CMakeFiles/EMBEDDED_NODE_RP2040.dir/vmmio/vmmio.c.obj
                0x10000574                srv_torp
 .text.led_r    0x100005a4       0x1c CMakeFiles/EMBEDDED_NODE_RP2040.dir/vmmio/vmmio.c.obj
                0x100005a4                led_r
 .text.led_g    0x100005c0       0x1c CMakeFiles/EMBEDDED_NODE_RP2040.dir/vmmio/vmmio.c.obj
                0x100005c0                led_g
 .text.led_b    0x100005dc       0x1c CMakeFiles/EMBEDDED_NODE_RP2040.dir/vmmio/vmmio.c.obj
                0x100005dc                led_b
 .text.sys_rate
                0x100005f8       0x54 CMakeFiles/EMBEDDED_NODE_RP2040.dir/vmmio/vmmio.c.obj
                0x100005f8                sys_rate
 .text.setup_vmmio
                0x1000064c       0xd8 CMakeFiles/EMBEDDED_NODE_RP2040.dir/vmmio/vmmio.c.obj
                0x1000064c                setup_vmmio
 .text.pwm_get_chan_level
                0x10000724       0x20 CMakeFiles/EMBEDDED_NODE_RP2040.dir/vmmio/vmmio.c.obj
                0x10000724                pwm_get_chan_level
 .text.pwm_step_level
                0x10000744       0x84 CMakeFiles/EMBEDDED_NODE_RP2040.dir/vmmio/vmmio.c.obj
                0x10000744                pwm_step_level
 .text.irq_vmmio_driver
                0x100007c8       0x74 CMakeFiles/EMBEDDED_NODE_RP2040.dir/vmmio/vmmio.c.obj
                0x100007c8                irq_vmmio_driver
 .text.gpio_set_function
                0x1000083c       0x30 CMakeFiles/EMBEDDED_NODE_RP2040.dir/C_/VSARM/sdk/pico/pico-sdk/src/rp2_common/hardware_gpio/gpio.c.obj
                0x1000083c                gpio_set_function
 .text.gpio_set_pulls
                0x1000086c       0x34 CMakeFiles/EMBEDDED_NODE_RP2040.dir/C_/VSARM/sdk/pico/pico-sdk/src/rp2_common/hardware_gpio/gpio.c.obj
                0x1000086c                gpio_set_pulls
 .text.gpio_init
                0x100008a0       0x16 CMakeFiles/EMBEDDED_NODE_RP2040.dir/C_/VSARM/sdk/pico/pico-sdk/src/rp2_common/hardware_gpio/gpio.c.obj
                0x100008a0                gpio_init
 *fill*         0x100008b6        0x2 
 .text.running_on_fpga
                0x100008b8       0x14 CMakeFiles/EMBEDDED_NODE_RP2040.dir/C_/VSARM/sdk/pico/pico-sdk/src/rp2_common/pico_platform/platform.c.obj
                0x100008b8                running_on_fpga
 .text.hw_claim_lock
                0x100008cc       0x18 CMakeFiles/EMBEDDED_NODE_RP2040.dir/C_/VSARM/sdk/pico/pico-sdk/src/rp2_common/hardware_claim/claim.c.obj
                0x100008cc                hw_claim_lock
 .text.hw_claim_unlock
                0x100008e4       0x14 CMakeFiles/EMBEDDED_NODE_RP2040.dir/C_/VSARM/sdk/pico/pico-sdk/src/rp2_common/hardware_claim/claim.c.obj
                0x100008e4                hw_claim_unlock
 .text.hw_claim_or_assert
                0x100008f8       0x32 CMakeFiles/EMBEDDED_NODE_RP2040.dir/C_/VSARM/sdk/pico/pico-sdk/src/rp2_common/hardware_claim/claim.c.obj
                0x100008f8                hw_claim_or_assert
 .text.hw_claim_unused_from_range
                0x1000092a       0x50 CMakeFiles/EMBEDDED_NODE_RP2040.dir/C_/VSARM/sdk/pico/pico-sdk/src/rp2_common/hardware_claim/claim.c.obj
                0x1000092a                hw_claim_unused_from_range
 *fill*         0x1000097a        0x2 
 .text.spin_locks_reset
                0x1000097c       0x20 CMakeFiles/EMBEDDED_NODE_RP2040.dir/C_/VSARM/sdk/pico/pico-sdk/src/rp2_common/hardware_sync/sync.c.obj
                0x1000097c                spin_locks_reset
 .text.next_striped_spin_lock_num
                0x1000099c       0x1c CMakeFiles/EMBEDDED_NODE_RP2040.dir/C_/VSARM/sdk/pico/pico-sdk/src/rp2_common/hardware_sync/sync.c.obj
                0x1000099c                next_striped_spin_lock_num
 .text.spin_lock_claim_unused
                0x100009b8       0x20 CMakeFiles/EMBEDDED_NODE_RP2040.dir/C_/VSARM/sdk/pico/pico-sdk/src/rp2_common/hardware_sync/sync.c.obj
                0x100009b8                spin_lock_claim_unused
 .text.set_raw_irq_handler_and_unlock
                0x100009d8       0x28 CMakeFiles/EMBEDDED_NODE_RP2040.dir/C_/VSARM/sdk/pico/pico-sdk/src/rp2_common/hardware_irq/irq.c.obj
 .text.make_branch
                0x10000a00       0x48 CMakeFiles/EMBEDDED_NODE_RP2040.dir/C_/VSARM/sdk/pico/pico-sdk/src/rp2_common/hardware_irq/irq.c.obj
 .text.insert_branch_and_link
                0x10000a48       0x40 CMakeFiles/EMBEDDED_NODE_RP2040.dir/C_/VSARM/sdk/pico/pico-sdk/src/rp2_common/hardware_irq/irq.c.obj
 .text.irq_is_enabled
                0x10000a88       0x18 CMakeFiles/EMBEDDED_NODE_RP2040.dir/C_/VSARM/sdk/pico/pico-sdk/src/rp2_common/hardware_irq/irq.c.obj
                0x10000a88                irq_is_enabled
 .text.irq_set_mask_enabled
                0x10000aa0       0x20 CMakeFiles/EMBEDDED_NODE_RP2040.dir/C_/VSARM/sdk/pico/pico-sdk/src/rp2_common/hardware_irq/irq.c.obj
                0x10000aa0                irq_set_mask_enabled
 .text.irq_set_enabled
                0x10000ac0        0xe CMakeFiles/EMBEDDED_NODE_RP2040.dir/C_/VSARM/sdk/pico/pico-sdk/src/rp2_common/hardware_irq/irq.c.obj
                0x10000ac0                irq_set_enabled
 *fill*         0x10000ace        0x2 
 .text.irq_set_pending
                0x10000ad0       0x10 CMakeFiles/EMBEDDED_NODE_RP2040.dir/C_/VSARM/sdk/pico/pico-sdk/src/rp2_common/hardware_irq/irq.c.obj
                0x10000ad0                irq_set_pending
 .text.irq_get_vtable_handler
                0x10000ae0       0x10 CMakeFiles/EMBEDDED_NODE_RP2040.dir/C_/VSARM/sdk/pico/pico-sdk/src/rp2_common/hardware_irq/irq.c.obj
                0x10000ae0                irq_get_vtable_handler
 .text.irq_has_shared_handler
                0x10000af0       0x24 CMakeFiles/EMBEDDED_NODE_RP2040.dir/C_/VSARM/sdk/pico/pico-sdk/src/rp2_common/hardware_irq/irq.c.obj
                0x10000af0                irq_has_shared_handler
 .text.irq_set_exclusive_handler
                0x10000b14       0x54 CMakeFiles/EMBEDDED_NODE_RP2040.dir/C_/VSARM/sdk/pico/pico-sdk/src/rp2_common/hardware_irq/irq.c.obj
                0x10000b14                irq_set_exclusive_handler
 .text.irq_add_shared_handler
                0x10000b68      0x234 CMakeFiles/EMBEDDED_NODE_RP2040.dir/C_/VSARM/sdk/pico/pico-sdk/src/rp2_common/hardware_irq/irq.c.obj
                0x10000b68                irq_add_shared_handler
 .text.irq_remove_handler
                0x10000d9c      0x1ac CMakeFiles/EMBEDDED_NODE_RP2040.dir/C_/VSARM/sdk/pico/pico-sdk/src/rp2_common/hardware_irq/irq.c.obj
                0x10000d9c                irq_remove_handler
 .text.irq_add_tail_to_free_list
                0x10000f48       0xf0 CMakeFiles/EMBEDDED_NODE_RP2040.dir/C_/VSARM/sdk/pico/pico-sdk/src/rp2_common/hardware_irq/irq.c.obj
                0x10000f48                irq_add_tail_to_free_list
 .text.irq_init_priorities
                0x10001038       0x1c CMakeFiles/EMBEDDED_NODE_RP2040.dir/C_/VSARM/sdk/pico/pico-sdk/src/rp2_common/hardware_irq/irq.c.obj
                0x10001038                irq_init_priorities
 .text.user_irq_claim_unused
                0x10001054       0x28 CMakeFiles/EMBEDDED_NODE_RP2040.dir/C_/VSARM/sdk/pico/pico-sdk/src/rp2_common/hardware_irq/irq.c.obj
                0x10001054                user_irq_claim_unused
 .text.lock_init
                0x1000107c       0x10 CMakeFiles/EMBEDDED_NODE_RP2040.dir/C_/VSARM/sdk/pico/pico-sdk/src/common/pico_sync/lock_core.c.obj
                0x1000107c                lock_init
 .text.mutex_init
                0x1000108c       0x1a CMakeFiles/EMBEDDED_NODE_RP2040.dir/C_/VSARM/sdk/pico/pico-sdk/src/common/pico_sync/mutex.c.obj
                0x1000108c                mutex_init
 .text.recursive_mutex_init
                0x100010a6       0x1e CMakeFiles/EMBEDDED_NODE_RP2040.dir/C_/VSARM/sdk/pico/pico-sdk/src/common/pico_sync/mutex.c.obj
                0x100010a6                recursive_mutex_init
 .text.critical_section_init_with_lock_num
                0x100010c4       0x14 CMakeFiles/EMBEDDED_NODE_RP2040.dir/C_/VSARM/sdk/pico/pico-sdk/src/common/pico_sync/critical_section.c.obj
                0x100010c4                critical_section_init_with_lock_num
 .text.critical_section_init
                0x100010d8       0x14 CMakeFiles/EMBEDDED_NODE_RP2040.dir/C_/VSARM/sdk/pico/pico-sdk/src/common/pico_sync/critical_section.c.obj
                0x100010d8                critical_section_init
 .text.repeating_timer_callback
                0x100010ec       0x40 CMakeFiles/EMBEDDED_NODE_RP2040.dir/C_/VSARM/sdk/pico/pico-sdk/src/common/pico_time/time.c.obj
 .text.alarm_pool_post_alloc_init
                0x1000112c       0x40 CMakeFiles/EMBEDDED_NODE_RP2040.dir/C_/VSARM/sdk/pico/pico-sdk/src/common/pico_time/time.c.obj
 .text.sleep_until_callback
                0x1000116c       0x30 CMakeFiles/EMBEDDED_NODE_RP2040.dir/C_/VSARM/sdk/pico/pico-sdk/src/common/pico_time/time.c.obj
 .text.timer_pool_entry_comparator
                0x1000119c       0x7c CMakeFiles/EMBEDDED_NODE_RP2040.dir/C_/VSARM/sdk/pico/pico-sdk/src/common/pico_time/time.c.obj
                0x1000119c                timer_pool_entry_comparator
 .text.ph_add_child_node
                0x10001218       0xa4 CMakeFiles/EMBEDDED_NODE_RP2040.dir/C_/VSARM/sdk/pico/pico-sdk/src/common/pico_time/time.c.obj
 .text.ph_merge_nodes
                0x100012bc       0x3e CMakeFiles/EMBEDDED_NODE_RP2040.dir/C_/VSARM/sdk/pico/pico-sdk/src/common/pico_time/time.c.obj
 *fill*         0x100012fa        0x2 
 .text.add_alarm_under_lock
                0x100012fc      0x174 CMakeFiles/EMBEDDED_NODE_RP2040.dir/C_/VSARM/sdk/pico/pico-sdk/src/common/pico_time/time.c.obj
 .text.alarm_pool_alarm_callback
                0x10001470      0x33c CMakeFiles/EMBEDDED_NODE_RP2040.dir/C_/VSARM/sdk/pico/pico-sdk/src/common/pico_time/time.c.obj
 .text.alarm_pool_init_default
                0x100017ac       0x40 CMakeFiles/EMBEDDED_NODE_RP2040.dir/C_/VSARM/sdk/pico/pico-sdk/src/common/pico_time/time.c.obj
                0x100017ac                alarm_pool_init_default
 .text.alarm_pool_get_default
                0x100017ec       0x2c CMakeFiles/EMBEDDED_NODE_RP2040.dir/C_/VSARM/sdk/pico/pico-sdk/src/common/pico_time/time.c.obj
                0x100017ec                alarm_pool_get_default
 .text.alarm_pool_add_alarm_at
                0x10001818      0x168 CMakeFiles/EMBEDDED_NODE_RP2040.dir/C_/VSARM/sdk/pico/pico-sdk/src/common/pico_time/time.c.obj
                0x10001818                alarm_pool_add_alarm_at
 .text.alarm_pool_cancel_alarm
                0x10001980       0xf0 CMakeFiles/EMBEDDED_NODE_RP2040.dir/C_/VSARM/sdk/pico/pico-sdk/src/common/pico_time/time.c.obj
                0x10001980                alarm_pool_cancel_alarm
 .text.alarm_pool_core_num
                0x10001a70        0x4 CMakeFiles/EMBEDDED_NODE_RP2040.dir/C_/VSARM/sdk/pico/pico-sdk/src/common/pico_time/time.c.obj
                0x10001a70                alarm_pool_core_num
 .text.alarm_pool_add_repeating_timer_us
                0x10001a74       0x98 CMakeFiles/EMBEDDED_NODE_RP2040.dir/C_/VSARM/sdk/pico/pico-sdk/src/common/pico_time/time.c.obj
                0x10001a74                alarm_pool_add_repeating_timer_us
 .text.cancel_repeating_timer
                0x10001b0c       0x1a CMakeFiles/EMBEDDED_NODE_RP2040.dir/C_/VSARM/sdk/pico/pico-sdk/src/common/pico_time/time.c.obj
                0x10001b0c                cancel_repeating_timer
 *fill*         0x10001b26        0x2 
 .text.best_effort_wfe_or_timeout
                0x10001b28       0xac CMakeFiles/EMBEDDED_NODE_RP2040.dir/C_/VSARM/sdk/pico/pico-sdk/src/common/pico_time/time.c.obj
                0x10001b28                best_effort_wfe_or_timeout
 .text.hardware_alarm_irq_handler
                0x10001bd4       0x90 CMakeFiles/EMBEDDED_NODE_RP2040.dir/C_/VSARM/sdk/pico/pico-sdk/src/rp2_common/hardware_timer/timer.c.obj
 .text.hardware_alarm_claim
                0x10001c64       0x18 CMakeFiles/EMBEDDED_NODE_RP2040.dir/C_/VSARM/sdk/pico/pico-sdk/src/rp2_common/hardware_timer/timer.c.obj
                0x10001c64                hardware_alarm_claim
 .text.time_us_64
                0x10001c7c       0x18 CMakeFiles/EMBEDDED_NODE_RP2040.dir/C_/VSARM/sdk/pico/pico-sdk/src/rp2_common/hardware_timer/timer.c.obj
                0x10001c7c                time_us_64
 .text.busy_wait_until
                0x10001c94       0x28 CMakeFiles/EMBEDDED_NODE_RP2040.dir/C_/VSARM/sdk/pico/pico-sdk/src/rp2_common/hardware_timer/timer.c.obj
                0x10001c94                busy_wait_until
 .text.busy_wait_us
                0x10001cbc       0x48 CMakeFiles/EMBEDDED_NODE_RP2040.dir/C_/VSARM/sdk/pico/pico-sdk/src/rp2_common/hardware_timer/timer.c.obj
                0x10001cbc                busy_wait_us
 .text.hardware_alarm_set_callback
                0x10001d04       0x90 CMakeFiles/EMBEDDED_NODE_RP2040.dir/C_/VSARM/sdk/pico/pico-sdk/src/rp2_common/hardware_timer/timer.c.obj
                0x10001d04                hardware_alarm_set_callback
 .text.hardware_alarm_set_target
                0x10001d94       0xe8 CMakeFiles/EMBEDDED_NODE_RP2040.dir/C_/VSARM/sdk/pico/pico-sdk/src/rp2_common/hardware_timer/timer.c.obj
                0x10001d94                hardware_alarm_set_target
 .text.hardware_alarm_cancel
                0x10001e7c       0x40 CMakeFiles/EMBEDDED_NODE_RP2040.dir/C_/VSARM/sdk/pico/pico-sdk/src/rp2_common/hardware_timer/timer.c.obj
                0x10001e7c                hardware_alarm_cancel
 .text.ph_add_child_node
                0x10001ebc       0xa4 CMakeFiles/EMBEDDED_NODE_RP2040.dir/C_/VSARM/sdk/pico/pico-sdk/src/common/pico_util/pheap.c.obj
 .text.ph_merge_nodes
                0x10001f60       0x3e CMakeFiles/EMBEDDED_NODE_RP2040.dir/C_/VSARM/sdk/pico/pico-sdk/src/common/pico_util/pheap.c.obj
 *fill*         0x10001f9e        0x2 
 .text.ph_clear
                0x10001fa0       0x70 CMakeFiles/EMBEDDED_NODE_RP2040.dir/C_/VSARM/sdk/pico/pico-sdk/src/common/pico_util/pheap.c.obj
                0x10001fa0                ph_clear
 .text.ph_post_alloc_init
                0x10002010        0xe CMakeFiles/EMBEDDED_NODE_RP2040.dir/C_/VSARM/sdk/pico/pico-sdk/src/common/pico_util/pheap.c.obj
                0x10002010                ph_post_alloc_init
 *fill*         0x1000201e        0x2 
 .text.ph_merge_two_pass
                0x10002020       0xa8 CMakeFiles/EMBEDDED_NODE_RP2040.dir/C_/VSARM/sdk/pico/pico-sdk/src/common/pico_util/pheap.c.obj
                0x10002020                ph_merge_two_pass
 .text.ph_remove_any_head
                0x100020c8      0x128 CMakeFiles/EMBEDDED_NODE_RP2040.dir/C_/VSARM/sdk/pico/pico-sdk/src/common/pico_util/pheap.c.obj
 .text.ph_remove_head
                0x100021f0       0x14 CMakeFiles/EMBEDDED_NODE_RP2040.dir/C_/VSARM/sdk/pico/pico-sdk/src/common/pico_util/pheap.c.obj
                0x100021f0                ph_remove_head
 .text.ph_remove_and_free_node
                0x10002204       0xf8 CMakeFiles/EMBEDDED_NODE_RP2040.dir/C_/VSARM/sdk/pico/pico-sdk/src/common/pico_util/pheap.c.obj
                0x10002204                ph_remove_and_free_node
 .text.clock_configure
                0x100022fc      0x104 CMakeFiles/EMBEDDED_NODE_RP2040.dir/C_/VSARM/sdk/pico/pico-sdk/src/rp2_common/hardware_clocks/clocks.c.obj
                0x100022fc                clock_configure
 .text.clocks_init
                0x10002400      0x100 CMakeFiles/EMBEDDED_NODE_RP2040.dir/C_/VSARM/sdk/pico/pico-sdk/src/rp2_common/hardware_clocks/clocks.c.obj
                0x10002400                clocks_init
 .text.clock_get_hz
                0x10002500        0xc CMakeFiles/EMBEDDED_NODE_RP2040.dir/C_/VSARM/sdk/pico/pico-sdk/src/rp2_common/hardware_clocks/clocks.c.obj
                0x10002500                clock_get_hz
 .text.pll_init
                0x1000250c      0x12c CMakeFiles/EMBEDDED_NODE_RP2040.dir/C_/VSARM/sdk/pico/pico-sdk/src/rp2_common/hardware_pll/pll.c.obj
                0x1000250c                pll_init
 .text.watchdog_start_tick
                0x10002638       0x10 CMakeFiles/EMBEDDED_NODE_RP2040.dir/C_/VSARM/sdk/pico/pico-sdk/src/rp2_common/hardware_watchdog/watchdog.c.obj
                0x10002638                watchdog_start_tick
 .text.watchdog_update
                0x10002648       0x14 CMakeFiles/EMBEDDED_NODE_RP2040.dir/C_/VSARM/sdk/pico/pico-sdk/src/rp2_common/hardware_watchdog/watchdog.c.obj
                0x10002648                watchdog_update
 .text._watchdog_enable
                0x1000265c       0x78 CMakeFiles/EMBEDDED_NODE_RP2040.dir/C_/VSARM/sdk/pico/pico-sdk/src/rp2_common/hardware_watchdog/watchdog.c.obj
                0x1000265c                _watchdog_enable
 .text.watchdog_reboot
                0x100026d4       0x48 CMakeFiles/EMBEDDED_NODE_RP2040.dir/C_/VSARM/sdk/pico/pico-sdk/src/rp2_common/hardware_watchdog/watchdog.c.obj
                0x100026d4                watchdog_reboot
 .text.xosc_init
                0x1000271c       0x28 CMakeFiles/EMBEDDED_NODE_RP2040.dir/C_/VSARM/sdk/pico/pico-sdk/src/rp2_common/hardware_xosc/xosc.c.obj
                0x1000271c                xosc_init
 .text._exit    0x10002744        0x4 CMakeFiles/EMBEDDED_NODE_RP2040.dir/C_/VSARM/sdk/pico/pico-sdk/src/rp2_common/pico_runtime/runtime.c.obj
                0x10002744                _exit
 .text.exit     0x10002748        0x6 CMakeFiles/EMBEDDED_NODE_RP2040.dir/C_/VSARM/sdk/pico/pico-sdk/src/rp2_common/pico_runtime/runtime.c.obj
                0x10002748                exit
 *fill*         0x1000274e        0x2 
 .text.__assert_func
                0x10002750       0x3c CMakeFiles/EMBEDDED_NODE_RP2040.dir/C_/VSARM/sdk/pico/pico-sdk/src/rp2_common/pico_runtime/runtime.c.obj
                0x10002750                __assert_func
 .text.runtime_init
                0x1000278c       0xf8 CMakeFiles/EMBEDDED_NODE_RP2040.dir/C_/VSARM/sdk/pico/pico-sdk/src/rp2_common/pico_runtime/runtime.c.obj
                0x1000278c                runtime_init
 .text.panic    0x10002884       0x30 CMakeFiles/EMBEDDED_NODE_RP2040.dir/C_/VSARM/sdk/pico/pico-sdk/src/rp2_common/pico_runtime/runtime.c.obj
                0x10002884                panic
 .text._out_null
                0x100028b4        0x2 CMakeFiles/EMBEDDED_NODE_RP2040.dir/C_/VSARM/sdk/pico/pico-sdk/src/rp2_common/pico_printf/printf.c.obj
 .text._out_fct
                0x100028b6        0xe CMakeFiles/EMBEDDED_NODE_RP2040.dir/C_/VSARM/sdk/pico/pico-sdk/src/rp2_common/pico_printf/printf.c.obj
 .text._atoi    0x100028c4       0x24 CMakeFiles/EMBEDDED_NODE_RP2040.dir/C_/VSARM/sdk/pico/pico-sdk/src/rp2_common/pico_printf/printf.c.obj
 .text._out_rev
                0x100028e8       0xae CMakeFiles/EMBEDDED_NODE_RP2040.dir/C_/VSARM/sdk/pico/pico-sdk/src/rp2_common/pico_printf/printf.c.obj
 .text._ntoa_format
                0x10002996      0x112 CMakeFiles/EMBEDDED_NODE_RP2040.dir/C_/VSARM/sdk/pico/pico-sdk/src/rp2_common/pico_printf/printf.c.obj
 .text._ntoa_long
                0x10002aa8       0xbc CMakeFiles/EMBEDDED_NODE_RP2040.dir/C_/VSARM/sdk/pico/pico-sdk/src/rp2_common/pico_printf/printf.c.obj
 .text._ntoa_long_long
                0x10002b64       0xe2 CMakeFiles/EMBEDDED_NODE_RP2040.dir/C_/VSARM/sdk/pico/pico-sdk/src/rp2_common/pico_printf/printf.c.obj
 *fill*         0x10002c46        0x2 
 .text._etoa    0x10002c48      0x414 CMakeFiles/EMBEDDED_NODE_RP2040.dir/C_/VSARM/sdk/pico/pico-sdk/src/rp2_common/pico_printf/printf.c.obj
 .text._ftoa    0x1000305c      0x354 CMakeFiles/EMBEDDED_NODE_RP2040.dir/C_/VSARM/sdk/pico/pico-sdk/src/rp2_common/pico_printf/printf.c.obj
 .text._vsnprintf
                0x100033b0      0x624 CMakeFiles/EMBEDDED_NODE_RP2040.dir/C_/VSARM/sdk/pico/pico-sdk/src/rp2_common/pico_printf/printf.c.obj
 .text.vfctprintf
                0x100039d4       0x20 CMakeFiles/EMBEDDED_NODE_RP2040.dir/C_/VSARM/sdk/pico/pico-sdk/src/rp2_common/pico_printf/printf.c.obj
                0x100039d4                vfctprintf
 .text          0x100039f4       0x10 CMakeFiles/EMBEDDED_NODE_RP2040.dir/C_/VSARM/sdk/pico/pico-sdk/src/rp2_common/pico_bit_ops/bit_ops_aeabi.S.obj
 .text.rom_func_lookup
                0x10003a04       0x10 CMakeFiles/EMBEDDED_NODE_RP2040.dir/C_/VSARM/sdk/pico/pico-sdk/src/rp2_common/pico_bootrom/bootrom.c.obj
                0x10003a04                rom_func_lookup
 .text.rom_data_lookup
                0x10003a14       0x10 CMakeFiles/EMBEDDED_NODE_RP2040.dir/C_/VSARM/sdk/pico/pico-sdk/src/rp2_common/pico_bootrom/bootrom.c.obj
                0x10003a14                rom_data_lookup
 .text.rom_funcs_lookup
                0x10003a24       0x36 CMakeFiles/EMBEDDED_NODE_RP2040.dir/C_/VSARM/sdk/pico/pico-sdk/src/rp2_common/pico_bootrom/bootrom.c.obj
                0x10003a24                rom_funcs_lookup
 *fill*         0x10003a5a        0x2 
 .text.__wrap___aeabi_idiv
                0x10003a5c       0x50 CMakeFiles/EMBEDDED_NODE_RP2040.dir/C_/VSARM/sdk/pico/pico-sdk/src/rp2_common/pico_divider/divider.S.obj
                0x10003a5c                __wrap___aeabi_idivmod
                0x10003a5c                divmod_s32s32
                0x10003a5c                div_s32s32
                0x10003a5c                __wrap___aeabi_idiv
                0x10003a64                divmod_s32s32_unsafe
                0x10003a90                divmod_s32s32_savestate
 .text.__wrap___aeabi_uidiv
                0x10003aac       0x4c CMakeFiles/EMBEDDED_NODE_RP2040.dir/C_/VSARM/sdk/pico/pico-sdk/src/rp2_common/pico_divider/divider.S.obj
                0x10003aac                __wrap___aeabi_uidiv
                0x10003aac                __wrap___aeabi_uidivmod
                0x10003aac                div_u32u32
                0x10003aac                divmod_u32u32
                0x10003ab4                divmod_u32u32_unsafe
                0x10003adc                divmod_u32u32_savestate
 .text.__wrap___aeabi_ldiv
                0x10003af8      0x424 CMakeFiles/EMBEDDED_NODE_RP2040.dir/C_/VSARM/sdk/pico/pico-sdk/src/rp2_common/pico_divider/divider.S.obj
                0x10003af8                div_s64s64
                0x10003af8                divmod_s64s64
                0x10003af8                __wrap___aeabi_ldivmod
                0x10003b28                divmod_u64u64
                0x10003b28                div_u64u64
                0x10003b28                __wrap___aeabi_uldivmod
                0x10003b38                divmod_u64u64_savestate
                0x10003b58                divmod_s64s64_unsafe
                0x10003be0                divmod_u64u64_unsafe
 .text.__wrap___aeabi_darithmetic
                0x10003f1c       0x80 CMakeFiles/EMBEDDED_NODE_RP2040.dir/C_/VSARM/sdk/pico/pico-sdk/src/rp2_common/pico_double/double_aeabi.S.obj
                0x10003f1c                __wrap___aeabi_drsub
                0x10003f22                __wrap___aeabi_dsub
                0x10003f34                __wrap___aeabi_dadd
                0x10003f46                __wrap___aeabi_ddiv
                0x10003f82                __wrap___aeabi_dmul
 .text.__wrap___aeabi_cdcmple
                0x10003f9c       0x6c CMakeFiles/EMBEDDED_NODE_RP2040.dir/C_/VSARM/sdk/pico/pico-sdk/src/rp2_common/pico_double/double_aeabi.S.obj
                0x10003f9c                __wrap___aeabi_cdrcmple
                0x10003fac                __wrap___aeabi_cdcmpeq
                0x10003fac                __wrap___aeabi_cdcmple
 .text.__wrap___aeabi_dcmplt
                0x10004008        0xc CMakeFiles/EMBEDDED_NODE_RP2040.dir/C_/VSARM/sdk/pico/pico-sdk/src/rp2_common/pico_double/double_aeabi.S.obj
                0x10004008                __wrap___aeabi_dcmplt
 .text.__wrap___aeabi_dcmple
                0x10004014       0x10 CMakeFiles/EMBEDDED_NODE_RP2040.dir/C_/VSARM/sdk/pico/pico-sdk/src/rp2_common/pico_double/double_aeabi.S.obj
                0x10004014                __wrap___aeabi_dcmple
 .text.__wrap___aeabi_dcmpge
                0x10004024       0x10 CMakeFiles/EMBEDDED_NODE_RP2040.dir/C_/VSARM/sdk/pico/pico-sdk/src/rp2_common/pico_double/double_aeabi.S.obj
                0x10004024                __wrap___aeabi_dcmpge
 .text.__wrap___aeabi_dcmpgt
                0x10004034        0xa CMakeFiles/EMBEDDED_NODE_RP2040.dir/C_/VSARM/sdk/pico/pico-sdk/src/rp2_common/pico_double/double_aeabi.S.obj
                0x10004034                __wrap___aeabi_dcmpgt
 .text.__wrap___aeabi_dcmpun
                0x1000403e       0x1c CMakeFiles/EMBEDDED_NODE_RP2040.dir/C_/VSARM/sdk/pico/pico-sdk/src/rp2_common/pico_double/double_aeabi.S.obj
                0x1000403e                __wrap___aeabi_dcmpun
 *fill*         0x1000405a        0x2 
 .text.__wrap___aeabi_i2d
                0x1000405c       0x38 CMakeFiles/EMBEDDED_NODE_RP2040.dir/C_/VSARM/sdk/pico/pico-sdk/src/rp2_common/pico_double/double_aeabi.S.obj
                0x1000405c                __wrap___aeabi_ui2d
                0x10004064                __wrap___aeabi_i2d
 .text.__wrap___aeabi_d2iz
                0x10004094       0x48 CMakeFiles/EMBEDDED_NODE_RP2040.dir/C_/VSARM/sdk/pico/pico-sdk/src/rp2_common/pico_double/double_aeabi.S.obj
                0x10004094                double2int_z
                0x10004094                __wrap___aeabi_d2iz
 .text.__wrap___aeabi_d2uiz
                0x100040dc       0x18 CMakeFiles/EMBEDDED_NODE_RP2040.dir/C_/VSARM/sdk/pico/pico-sdk/src/rp2_common/pico_double/double_aeabi.S.obj
                0x100040dc                __wrap___aeabi_d2uiz
                0x100040dc                double2uint
 .text.__aeabi_double_init
                0x100040f4       0xc8 CMakeFiles/EMBEDDED_NODE_RP2040.dir/C_/VSARM/sdk/pico/pico-sdk/src/rp2_common/pico_double/double_init_rom.c.obj
                0x100040f4                __aeabi_double_init
 .text.double_table_shim_on_use_helper
                0x100041bc       0x34 CMakeFiles/EMBEDDED_NODE_RP2040.dir/C_/VSARM/sdk/pico/pico-sdk/src/rp2_common/pico_double/double_v1_rom_shim.S.obj
                0x100041bc                double_table_shim_on_use_helper
 .text.__wrap___aeabi_dsub
                0x100041f0       0x10 CMakeFiles/EMBEDDED_NODE_RP2040.dir/C_/VSARM/sdk/pico/pico-sdk/src/rp2_common/pico_double/double_v1_rom_shim.S.obj
                0x100041f0                drsub_shim
                0x100041f6                dsub_shim
 .text.dadd_shim
                0x10004200      0x15c CMakeFiles/EMBEDDED_NODE_RP2040.dir/C_/VSARM/sdk/pico/pico-sdk/src/rp2_common/pico_double/double_v1_rom_shim.S.obj
                0x10004200                dadd_shim
 .text.dmul_shim
                0x1000435c      0x15c CMakeFiles/EMBEDDED_NODE_RP2040.dir/C_/VSARM/sdk/pico/pico-sdk/src/rp2_common/pico_double/double_v1_rom_shim.S.obj
                0x1000435c                dmul_shim
 .text.ddiv_shim
                0x100044b8      0x1b0 CMakeFiles/EMBEDDED_NODE_RP2040.dir/C_/VSARM/sdk/pico/pico-sdk/src/rp2_common/pico_double/double_v1_rom_shim.S.obj
                0x100044b8                ddiv_shim
 .text.double2uint_shim
                0x10004668        0xe CMakeFiles/EMBEDDED_NODE_RP2040.dir/C_/VSARM/sdk/pico/pico-sdk/src/rp2_common/pico_double/double_v1_rom_shim.S.obj
                0x10004668                double2uint_shim
                0x1000466a                double2ufix_shim
 *fill*         0x10004676        0x2 
 .text.double2uint64_shim
                0x10004678       0x70 CMakeFiles/EMBEDDED_NODE_RP2040.dir/C_/VSARM/sdk/pico/pico-sdk/src/rp2_common/pico_double/double_v1_rom_shim.S.obj
                0x10004678                double2uint64_shim
                0x1000467a                double2ufix64_shim
                0x1000469a                d2fix_a
 .text.dunpacks
                0x100046e8       0x3c CMakeFiles/EMBEDDED_NODE_RP2040.dir/C_/VSARM/sdk/pico/pico-sdk/src/rp2_common/pico_double/double_v1_rom_shim.S.obj
                0x100046e8                dunpacks
 .text.__aeabi_lmul
                0x10004724       0x32 CMakeFiles/EMBEDDED_NODE_RP2040.dir/C_/VSARM/sdk/pico/pico-sdk/src/rp2_common/pico_int64_ops/pico_int64_ops_aeabi.S.obj
                0x10004724                __wrap___aeabi_lmul
 *fill*         0x10004756        0x2 
 .text.__aeabi_float_init
                0x10004758       0xfc CMakeFiles/EMBEDDED_NODE_RP2040.dir/C_/VSARM/sdk/pico/pico-sdk/src/rp2_common/pico_float/float_init_rom.c.obj
                0x10004758                __aeabi_float_init
 .text.float_table_shim_on_use_helper
                0x10004854       0x34 CMakeFiles/EMBEDDED_NODE_RP2040.dir/C_/VSARM/sdk/pico/pico-sdk/src/rp2_common/pico_float/float_v1_rom_shim.S.obj
                0x10004854                float_table_shim_on_use_helper
 .text          0x10004888       0x10 CMakeFiles/EMBEDDED_NODE_RP2040.dir/C_/VSARM/sdk/pico/pico-sdk/src/rp2_common/pico_mem_ops/mem_ops_aeabi.S.obj
                0x10004888                __aeabi_mem_init
 .text.memset   0x10004898        0xc CMakeFiles/EMBEDDED_NODE_RP2040.dir/C_/VSARM/sdk/pico/pico-sdk/src/rp2_common/pico_mem_ops/mem_ops_aeabi.S.obj
                0x10004898                __wrap_memset
 .text.memcpy   0x100048a4        0xc CMakeFiles/EMBEDDED_NODE_RP2040.dir/C_/VSARM/sdk/pico/pico-sdk/src/rp2_common/pico_mem_ops/mem_ops_aeabi.S.obj
                0x100048a4                __wrap_memcpy
                0x100048a4                __wrap___aeabi_memcpy
 .text.stdio_out_chars_no_crlf
                0x100048b0        0xe CMakeFiles/EMBEDDED_NODE_RP2040.dir/C_/VSARM/sdk/pico/pico-sdk/src/rp2_common/pico_stdio/stdio.c.obj
 *fill*         0x100048be        0x2 
 .text.stdio_out_chars_crlf
                0x100048c0       0x80 CMakeFiles/EMBEDDED_NODE_RP2040.dir/C_/VSARM/sdk/pico/pico-sdk/src/rp2_common/pico_stdio/stdio.c.obj
 .text.stdio_stack_buffer_flush
                0x10004940       0x44 CMakeFiles/EMBEDDED_NODE_RP2040.dir/C_/VSARM/sdk/pico/pico-sdk/src/rp2_common/pico_stdio/stdio.c.obj
 .text.stdio_buffered_printer
                0x10004984       0x20 CMakeFiles/EMBEDDED_NODE_RP2040.dir/C_/VSARM/sdk/pico/pico-sdk/src/rp2_common/pico_stdio/stdio.c.obj
 .text.stdout_serialize_begin
                0x100049a4       0x5c CMakeFiles/EMBEDDED_NODE_RP2040.dir/C_/VSARM/sdk/pico/pico-sdk/src/rp2_common/pico_stdio/stdio.c.obj
                0x100049a4                stdout_serialize_begin
 .text.stdout_serialize_end
                0x10004a00       0x10 CMakeFiles/EMBEDDED_NODE_RP2040.dir/C_/VSARM/sdk/pico/pico-sdk/src/rp2_common/pico_stdio/stdio.c.obj
                0x10004a00                stdout_serialize_end
 .text.stdio_put_string
                0x10004a10       0x98 CMakeFiles/EMBEDDED_NODE_RP2040.dir/C_/VSARM/sdk/pico/pico-sdk/src/rp2_common/pico_stdio/stdio.c.obj
 .text.stdio_set_driver_enabled
                0x10004aa8       0x2c CMakeFiles/EMBEDDED_NODE_RP2040.dir/C_/VSARM/sdk/pico/pico-sdk/src/rp2_common/pico_stdio/stdio.c.obj
                0x10004aa8                stdio_set_driver_enabled
 .text.stdio_flush
                0x10004ad4       0x20 CMakeFiles/EMBEDDED_NODE_RP2040.dir/C_/VSARM/sdk/pico/pico-sdk/src/rp2_common/pico_stdio/stdio.c.obj
                0x10004ad4                stdio_flush
 .text.__wrap_puts
                0x10004af4       0x1e CMakeFiles/EMBEDDED_NODE_RP2040.dir/C_/VSARM/sdk/pico/pico-sdk/src/rp2_common/pico_stdio/stdio.c.obj
                0x10004af4                __wrap_puts
 *fill*         0x10004b12        0x2 
 .text.__wrap_vprintf
                0x10004b14       0x40 CMakeFiles/EMBEDDED_NODE_RP2040.dir/C_/VSARM/sdk/pico/pico-sdk/src/rp2_common/pico_stdio/stdio.c.obj
                0x10004b14                __wrap_vprintf
 .text.__wrap_printf
                0x10004b54       0x18 CMakeFiles/EMBEDDED_NODE_RP2040.dir/C_/VSARM/sdk/pico/pico-sdk/src/rp2_common/pico_stdio/stdio.c.obj
                0x10004b54                __wrap_printf
 .text.stdio_init_all
                0x10004b6c        0x8 CMakeFiles/EMBEDDED_NODE_RP2040.dir/C_/VSARM/sdk/pico/pico-sdk/src/rp2_common/pico_stdio/stdio.c.obj
                0x10004b6c                stdio_init_all
 .text.resetd_init
                0x10004b74        0x2 CMakeFiles/EMBEDDED_NODE_RP2040.dir/C_/VSARM/sdk/pico/pico-sdk/src/rp2_common/pico_stdio_usb/reset_interface.c.obj
 *fill*         0x10004b76        0x2 
 .text.resetd_reset
                0x10004b78        0xc CMakeFiles/EMBEDDED_NODE_RP2040.dir/C_/VSARM/sdk/pico/pico-sdk/src/rp2_common/pico_stdio_usb/reset_interface.c.obj
 .text.resetd_open
                0x10004b84       0x34 CMakeFiles/EMBEDDED_NODE_RP2040.dir/C_/VSARM/sdk/pico/pico-sdk/src/rp2_common/pico_stdio_usb/reset_interface.c.obj
 .text.resetd_xfer_cb
                0x10004bb8        0x4 CMakeFiles/EMBEDDED_NODE_RP2040.dir/C_/VSARM/sdk/pico/pico-sdk/src/rp2_common/pico_stdio_usb/reset_interface.c.obj
 .text.reset_usb_boot
                0x10004bbc       0x18 CMakeFiles/EMBEDDED_NODE_RP2040.dir/C_/VSARM/sdk/pico/pico-sdk/src/rp2_common/pico_stdio_usb/reset_interface.c.obj
 .text.resetd_control_xfer_cb
                0x10004bd4       0x5c CMakeFiles/EMBEDDED_NODE_RP2040.dir/C_/VSARM/sdk/pico/pico-sdk/src/rp2_common/pico_stdio_usb/reset_interface.c.obj
 .text.usbd_app_driver_get_cb
                0x10004c30        0xc CMakeFiles/EMBEDDED_NODE_RP2040.dir/C_/VSARM/sdk/pico/pico-sdk/src/rp2_common/pico_stdio_usb/reset_interface.c.obj
                0x10004c30                usbd_app_driver_get_cb
 .text.tud_cdc_line_coding_cb
                0x10004c3c       0x28 CMakeFiles/EMBEDDED_NODE_RP2040.dir/C_/VSARM/sdk/pico/pico-sdk/src/rp2_common/pico_stdio_usb/reset_interface.c.obj
                0x10004c3c                tud_cdc_line_coding_cb
 .text.stdio_usb_set_chars_available_callback
                0x10004c64       0x14 CMakeFiles/EMBEDDED_NODE_RP2040.dir/C_/VSARM/sdk/pico/pico-sdk/src/rp2_common/pico_stdio_usb/stdio_usb.c.obj
                0x10004c64                stdio_usb_set_chars_available_callback
 .text.usb_irq  0x10004c78       0x10 CMakeFiles/EMBEDDED_NODE_RP2040.dir/C_/VSARM/sdk/pico/pico-sdk/src/rp2_common/pico_stdio_usb/stdio_usb.c.obj
 .text.timer_task
                0x10004c88       0x58 CMakeFiles/EMBEDDED_NODE_RP2040.dir/C_/VSARM/sdk/pico/pico-sdk/src/rp2_common/pico_stdio_usb/stdio_usb.c.obj
 .text.low_priority_worker_irq
                0x10004ce0       0xd8 CMakeFiles/EMBEDDED_NODE_RP2040.dir/C_/VSARM/sdk/pico/pico-sdk/src/rp2_common/pico_stdio_usb/stdio_usb.c.obj
 .text.tud_cdc_rx_cb
                0x10004db8       0x20 CMakeFiles/EMBEDDED_NODE_RP2040.dir/C_/VSARM/sdk/pico/pico-sdk/src/rp2_common/pico_stdio_usb/stdio_usb.c.obj
                0x10004db8                tud_cdc_rx_cb
 .text.stdio_usb_init
                0x10004dd8      0x12c CMakeFiles/EMBEDDED_NODE_RP2040.dir/C_/VSARM/sdk/pico/pico-sdk/src/rp2_common/pico_stdio_usb/stdio_usb.c.obj
                0x10004dd8                stdio_usb_init
 .text.stdio_usb_connected
                0x10004f04        0xa CMakeFiles/EMBEDDED_NODE_RP2040.dir/C_/VSARM/sdk/pico/pico-sdk/src/rp2_common/pico_stdio_usb/stdio_usb.c.obj
                0x10004f04                stdio_usb_connected
 *fill*         0x10004f0e        0x2 
 .text.stdio_usb_in_chars
                0x10004f10       0xc4 CMakeFiles/EMBEDDED_NODE_RP2040.dir/C_/VSARM/sdk/pico/pico-sdk/src/rp2_common/pico_stdio_usb/stdio_usb.c.obj
                0x10004f10                stdio_usb_in_chars
 .text.stdio_usb_out_chars
                0x10004fd4      0x114 CMakeFiles/EMBEDDED_NODE_RP2040.dir/C_/VSARM/sdk/pico/pico-sdk/src/rp2_common/pico_stdio_usb/stdio_usb.c.obj
 .text.tud_descriptor_device_cb
                0x100050e8        0x8 CMakeFiles/EMBEDDED_NODE_RP2040.dir/C_/VSARM/sdk/pico/pico-sdk/src/rp2_common/pico_stdio_usb/stdio_usb_descriptors.c.obj
                0x100050e8                tud_descriptor_device_cb
 .text.tud_descriptor_configuration_cb
                0x100050f0        0x8 CMakeFiles/EMBEDDED_NODE_RP2040.dir/C_/VSARM/sdk/pico/pico-sdk/src/rp2_common/pico_stdio_usb/stdio_usb_descriptors.c.obj
                0x100050f0                tud_descriptor_configuration_cb
 .text.tud_descriptor_string_cb
                0x100050f8       0x6c CMakeFiles/EMBEDDED_NODE_RP2040.dir/C_/VSARM/sdk/pico/pico-sdk/src/rp2_common/pico_stdio_usb/stdio_usb_descriptors.c.obj
                0x100050f8                tud_descriptor_string_cb
 .text._retrieve_unique_id_on_boot
                0x10005164       0x10 CMakeFiles/EMBEDDED_NODE_RP2040.dir/C_/VSARM/sdk/pico/pico-sdk/src/rp2_common/pico_unique_id/unique_id.c.obj
 .text.pico_get_unique_board_id_string
                0x10005174       0x60 CMakeFiles/EMBEDDED_NODE_RP2040.dir/C_/VSARM/sdk/pico/pico-sdk/src/rp2_common/pico_unique_id/unique_id.c.obj
                0x10005174                pico_get_unique_board_id_string
 .text.flash_get_unique_id
                0x100051d4       0x46 CMakeFiles/EMBEDDED_NODE_RP2040.dir/C_/VSARM/sdk/pico/pico-sdk/src/rp2_common/hardware_flash/flash.c.obj
                0x100051d4                flash_get_unique_id
 *fill*         0x1000521a        0x2 
 .text.hw_endpoint_get_by_addr
                0x1000521c       0x18 CMakeFiles/EMBEDDED_NODE_RP2040.dir/C_/VSARM/sdk/pico/pico-sdk/lib/tinyusb/src/portable/raspberrypi/rp2040/dcd_rp2040.c.obj
 .text._hw_endpoint_alloc
                0x10005234       0x70 CMakeFiles/EMBEDDED_NODE_RP2040.dir/C_/VSARM/sdk/pico/pico-sdk/lib/tinyusb/src/portable/raspberrypi/rp2040/dcd_rp2040.c.obj
 .text.hw_endpoint_init
                0x100052a4       0x88 CMakeFiles/EMBEDDED_NODE_RP2040.dir/C_/VSARM/sdk/pico/pico-sdk/lib/tinyusb/src/portable/raspberrypi/rp2040/dcd_rp2040.c.obj
 .text.hw_endpoint_xfer
                0x1000532c       0x14 CMakeFiles/EMBEDDED_NODE_RP2040.dir/C_/VSARM/sdk/pico/pico-sdk/lib/tinyusb/src/portable/raspberrypi/rp2040/dcd_rp2040.c.obj
 .text.dcd_int_enable
                0x10005340       0x2c CMakeFiles/EMBEDDED_NODE_RP2040.dir/C_/VSARM/sdk/pico/pico-sdk/lib/tinyusb/src/portable/raspberrypi/rp2040/dcd_rp2040.c.obj
                0x10005340                dcd_int_enable
 .text.dcd_set_address
                0x1000536c       0x2c CMakeFiles/EMBEDDED_NODE_RP2040.dir/C_/VSARM/sdk/pico/pico-sdk/lib/tinyusb/src/portable/raspberrypi/rp2040/dcd_rp2040.c.obj
                0x1000536c                dcd_set_address
 .text.dcd_connect
                0x10005398       0x10 CMakeFiles/EMBEDDED_NODE_RP2040.dir/C_/VSARM/sdk/pico/pico-sdk/lib/tinyusb/src/portable/raspberrypi/rp2040/dcd_rp2040.c.obj
                0x10005398                dcd_connect
 .text.dcd_init
                0x100053a8       0x80 CMakeFiles/EMBEDDED_NODE_RP2040.dir/C_/VSARM/sdk/pico/pico-sdk/lib/tinyusb/src/portable/raspberrypi/rp2040/dcd_rp2040.c.obj
                0x100053a8                dcd_init
 .text.dcd_edpt0_status_complete
                0x10005428       0x1c CMakeFiles/EMBEDDED_NODE_RP2040.dir/C_/VSARM/sdk/pico/pico-sdk/lib/tinyusb/src/portable/raspberrypi/rp2040/dcd_rp2040.c.obj
                0x10005428                dcd_edpt0_status_complete
 .text.dcd_edpt_open
                0x10005444       0x40 CMakeFiles/EMBEDDED_NODE_RP2040.dir/C_/VSARM/sdk/pico/pico-sdk/lib/tinyusb/src/portable/raspberrypi/rp2040/dcd_rp2040.c.obj
                0x10005444                dcd_edpt_open
 .text.dcd_edpt_close_all
                0x10005484        0x8 CMakeFiles/EMBEDDED_NODE_RP2040.dir/C_/VSARM/sdk/pico/pico-sdk/lib/tinyusb/src/portable/raspberrypi/rp2040/dcd_rp2040.c.obj
                0x10005484                dcd_edpt_close_all
 .text.dcd_edpt_xfer
                0x1000548c       0x34 CMakeFiles/EMBEDDED_NODE_RP2040.dir/C_/VSARM/sdk/pico/pico-sdk/lib/tinyusb/src/portable/raspberrypi/rp2040/dcd_rp2040.c.obj
                0x1000548c                dcd_edpt_xfer
 .text.dcd_edpt_stall
                0x100054c0       0x2c CMakeFiles/EMBEDDED_NODE_RP2040.dir/C_/VSARM/sdk/pico/pico-sdk/lib/tinyusb/src/portable/raspberrypi/rp2040/dcd_rp2040.c.obj
                0x100054c0                dcd_edpt_stall
 .text.dcd_edpt_clear_stall
                0x100054ec       0x20 CMakeFiles/EMBEDDED_NODE_RP2040.dir/C_/VSARM/sdk/pico/pico-sdk/lib/tinyusb/src/portable/raspberrypi/rp2040/dcd_rp2040.c.obj
                0x100054ec                dcd_edpt_clear_stall
 .text.rp2040_usb_init
                0x1000550c       0x4c CMakeFiles/EMBEDDED_NODE_RP2040.dir/C_/VSARM/sdk/pico/pico-sdk/lib/tinyusb/src/portable/raspberrypi/rp2040/rp2040_usb.c.obj
                0x1000550c                rp2040_usb_init
 .text.hw_endpoint_xfer_start
                0x10005558       0x50 CMakeFiles/EMBEDDED_NODE_RP2040.dir/C_/VSARM/sdk/pico/pico-sdk/lib/tinyusb/src/portable/raspberrypi/rp2040/rp2040_usb.c.obj
                0x10005558                hw_endpoint_xfer_start
 .text.configuration_reset
                0x100055a8       0x84 CMakeFiles/EMBEDDED_NODE_RP2040.dir/C_/VSARM/sdk/pico/pico-sdk/lib/tinyusb/src/device/usbd.c.obj
 .text.usbd_reset
                0x1000562c        0xc CMakeFiles/EMBEDDED_NODE_RP2040.dir/C_/VSARM/sdk/pico/pico-sdk/lib/tinyusb/src/device/usbd.c.obj
 .text.invoke_class_control
                0x10005638       0x1a CMakeFiles/EMBEDDED_NODE_RP2040.dir/C_/VSARM/sdk/pico/pico-sdk/lib/tinyusb/src/device/usbd.c.obj
 *fill*         0x10005652        0x2 
 .text.process_set_config
                0x10005654      0x178 CMakeFiles/EMBEDDED_NODE_RP2040.dir/C_/VSARM/sdk/pico/pico-sdk/lib/tinyusb/src/device/usbd.c.obj
 .text.process_get_descriptor
                0x100057cc       0xdc CMakeFiles/EMBEDDED_NODE_RP2040.dir/C_/VSARM/sdk/pico/pico-sdk/lib/tinyusb/src/device/usbd.c.obj
 .text.tud_mounted
                0x100058a8       0x10 CMakeFiles/EMBEDDED_NODE_RP2040.dir/C_/VSARM/sdk/pico/pico-sdk/lib/tinyusb/src/device/usbd.c.obj
                0x100058a8                tud_mounted
 .text.tud_suspended
                0x100058b8       0x10 CMakeFiles/EMBEDDED_NODE_RP2040.dir/C_/VSARM/sdk/pico/pico-sdk/lib/tinyusb/src/device/usbd.c.obj
                0x100058b8                tud_suspended
 .text.tud_inited
                0x100058c8       0x14 CMakeFiles/EMBEDDED_NODE_RP2040.dir/C_/VSARM/sdk/pico/pico-sdk/lib/tinyusb/src/device/usbd.c.obj
                0x100058c8                tud_inited
 .text.tud_init
                0x100058dc       0xcc CMakeFiles/EMBEDDED_NODE_RP2040.dir/C_/VSARM/sdk/pico/pico-sdk/lib/tinyusb/src/device/usbd.c.obj
                0x100058dc                tud_init
 .text.usbd_defer_func
                0x100059a8       0x2a CMakeFiles/EMBEDDED_NODE_RP2040.dir/C_/VSARM/sdk/pico/pico-sdk/lib/tinyusb/src/device/usbd.c.obj
                0x100059a8                usbd_defer_func
 *fill*         0x100059d2        0x2 
 .text.usbd_edpt_open
                0x100059d4       0x34 CMakeFiles/EMBEDDED_NODE_RP2040.dir/C_/VSARM/sdk/pico/pico-sdk/lib/tinyusb/src/device/usbd.c.obj
                0x100059d4                usbd_edpt_open
 .text.usbd_open_edpt_pair
                0x10005a08       0x62 CMakeFiles/EMBEDDED_NODE_RP2040.dir/C_/VSARM/sdk/pico/pico-sdk/lib/tinyusb/src/device/usbd.c.obj
                0x10005a08                usbd_open_edpt_pair
 *fill*         0x10005a6a        0x2 
 .text.usbd_edpt_claim
                0x10005a6c       0x28 CMakeFiles/EMBEDDED_NODE_RP2040.dir/C_/VSARM/sdk/pico/pico-sdk/lib/tinyusb/src/device/usbd.c.obj
                0x10005a6c                usbd_edpt_claim
 .text.usbd_edpt_release
                0x10005a94       0x28 CMakeFiles/EMBEDDED_NODE_RP2040.dir/C_/VSARM/sdk/pico/pico-sdk/lib/tinyusb/src/device/usbd.c.obj
                0x10005a94                usbd_edpt_release
 .text.usbd_edpt_xfer
                0x10005abc       0x78 CMakeFiles/EMBEDDED_NODE_RP2040.dir/C_/VSARM/sdk/pico/pico-sdk/lib/tinyusb/src/device/usbd.c.obj
                0x10005abc                usbd_edpt_xfer
 .text.usbd_edpt_stall
                0x10005b34       0x48 CMakeFiles/EMBEDDED_NODE_RP2040.dir/C_/VSARM/sdk/pico/pico-sdk/lib/tinyusb/src/device/usbd.c.obj
                0x10005b34                usbd_edpt_stall
 .text.usbd_edpt_clear_stall
                0x10005b7c       0x48 CMakeFiles/EMBEDDED_NODE_RP2040.dir/C_/VSARM/sdk/pico/pico-sdk/lib/tinyusb/src/device/usbd.c.obj
                0x10005b7c                usbd_edpt_clear_stall
 .text.usbd_edpt_stalled
                0x10005bc4       0x1c CMakeFiles/EMBEDDED_NODE_RP2040.dir/C_/VSARM/sdk/pico/pico-sdk/lib/tinyusb/src/device/usbd.c.obj
                0x10005bc4                usbd_edpt_stalled
 .text.process_control_request
                0x10005be0      0x37c CMakeFiles/EMBEDDED_NODE_RP2040.dir/C_/VSARM/sdk/pico/pico-sdk/lib/tinyusb/src/device/usbd.c.obj
 .text.tud_task_ext
                0x10005f5c      0x1b4 CMakeFiles/EMBEDDED_NODE_RP2040.dir/C_/VSARM/sdk/pico/pico-sdk/lib/tinyusb/src/device/usbd.c.obj
                0x10005f5c                tud_task_ext
 .text._data_stage_xact
                0x10006110       0x58 CMakeFiles/EMBEDDED_NODE_RP2040.dir/C_/VSARM/sdk/pico/pico-sdk/lib/tinyusb/src/device/usbd_control.c.obj
 .text.tud_control_status
                0x10006168       0x38 CMakeFiles/EMBEDDED_NODE_RP2040.dir/C_/VSARM/sdk/pico/pico-sdk/lib/tinyusb/src/device/usbd_control.c.obj
                0x10006168                tud_control_status
 .text.tud_control_xfer
                0x100061a0       0x74 CMakeFiles/EMBEDDED_NODE_RP2040.dir/C_/VSARM/sdk/pico/pico-sdk/lib/tinyusb/src/device/usbd_control.c.obj
                0x100061a0                tud_control_xfer
 .text.usbd_control_reset
                0x10006214       0x14 CMakeFiles/EMBEDDED_NODE_RP2040.dir/C_/VSARM/sdk/pico/pico-sdk/lib/tinyusb/src/device/usbd_control.c.obj
                0x10006214                usbd_control_reset
 .text.usbd_control_set_complete_callback
                0x10006228        0xc CMakeFiles/EMBEDDED_NODE_RP2040.dir/C_/VSARM/sdk/pico/pico-sdk/lib/tinyusb/src/device/usbd_control.c.obj
                0x10006228                usbd_control_set_complete_callback
 .text.usbd_control_set_request
                0x10006234       0x1c CMakeFiles/EMBEDDED_NODE_RP2040.dir/C_/VSARM/sdk/pico/pico-sdk/lib/tinyusb/src/device/usbd_control.c.obj
                0x10006234                usbd_control_set_request
 .text.usbd_control_xfer_cb
                0x10006250       0xcc CMakeFiles/EMBEDDED_NODE_RP2040.dir/C_/VSARM/sdk/pico/pico-sdk/lib/tinyusb/src/device/usbd_control.c.obj
                0x10006250                usbd_control_xfer_cb
 .text._prep_out_transaction
                0x1000631c       0x4a CMakeFiles/EMBEDDED_NODE_RP2040.dir/C_/VSARM/sdk/pico/pico-sdk/lib/tinyusb/src/class/cdc/cdc_device.c.obj
 *fill*         0x10006366        0x2 
 .text.tud_cdc_n_connected
                0x10006368       0x44 CMakeFiles/EMBEDDED_NODE_RP2040.dir/C_/VSARM/sdk/pico/pico-sdk/lib/tinyusb/src/class/cdc/cdc_device.c.obj
                0x10006368                tud_cdc_n_connected
 .text.tud_cdc_n_available
                0x100063ac       0x18 CMakeFiles/EMBEDDED_NODE_RP2040.dir/C_/VSARM/sdk/pico/pico-sdk/lib/tinyusb/src/class/cdc/cdc_device.c.obj
                0x100063ac                tud_cdc_n_available
 .text.tud_cdc_n_read
                0x100063c4       0x28 CMakeFiles/EMBEDDED_NODE_RP2040.dir/C_/VSARM/sdk/pico/pico-sdk/lib/tinyusb/src/class/cdc/cdc_device.c.obj
                0x100063c4                tud_cdc_n_read
 .text.tud_cdc_n_write_flush
                0x100063ec       0xb8 CMakeFiles/EMBEDDED_NODE_RP2040.dir/C_/VSARM/sdk/pico/pico-sdk/lib/tinyusb/src/class/cdc/cdc_device.c.obj
                0x100063ec                tud_cdc_n_write_flush
 .text.tud_cdc_n_write
                0x100064a4       0x38 CMakeFiles/EMBEDDED_NODE_RP2040.dir/C_/VSARM/sdk/pico/pico-sdk/lib/tinyusb/src/class/cdc/cdc_device.c.obj
                0x100064a4                tud_cdc_n_write
 .text.tud_cdc_n_write_available
                0x100064dc       0x1c CMakeFiles/EMBEDDED_NODE_RP2040.dir/C_/VSARM/sdk/pico/pico-sdk/lib/tinyusb/src/class/cdc/cdc_device.c.obj
                0x100064dc                tud_cdc_n_write_available
 .text.cdcd_init
                0x100064f8       0xbc CMakeFiles/EMBEDDED_NODE_RP2040.dir/C_/VSARM/sdk/pico/pico-sdk/lib/tinyusb/src/class/cdc/cdc_device.c.obj
                0x100064f8                cdcd_init
 .text.cdcd_reset
                0x100065b4       0x44 CMakeFiles/EMBEDDED_NODE_RP2040.dir/C_/VSARM/sdk/pico/pico-sdk/lib/tinyusb/src/class/cdc/cdc_device.c.obj
                0x100065b4                cdcd_reset
 .text.cdcd_open
                0x100065f8       0xcc CMakeFiles/EMBEDDED_NODE_RP2040.dir/C_/VSARM/sdk/pico/pico-sdk/lib/tinyusb/src/class/cdc/cdc_device.c.obj
                0x100065f8                cdcd_open
 .text.cdcd_control_xfer_cb
                0x100066c4      0x134 CMakeFiles/EMBEDDED_NODE_RP2040.dir/C_/VSARM/sdk/pico/pico-sdk/lib/tinyusb/src/class/cdc/cdc_device.c.obj
                0x100066c4                cdcd_control_xfer_cb
 .text.cdcd_xfer_cb
                0x100067f8      0x130 CMakeFiles/EMBEDDED_NODE_RP2040.dir/C_/VSARM/sdk/pico/pico-sdk/lib/tinyusb/src/class/cdc/cdc_device.c.obj
                0x100067f8                cdcd_xfer_cb
 .text.tusb_init
                0x10006928        0xa CMakeFiles/EMBEDDED_NODE_RP2040.dir/C_/VSARM/sdk/pico/pico-sdk/lib/tinyusb/src/tusb.c.obj
                0x10006928                tusb_init
 .text.tusb_inited
                0x10006932        0xe CMakeFiles/EMBEDDED_NODE_RP2040.dir/C_/VSARM/sdk/pico/pico-sdk/lib/tinyusb/src/tusb.c.obj
                0x10006932                tusb_inited
 .text.tu_edpt_claim
                0x10006940       0x50 CMakeFiles/EMBEDDED_NODE_RP2040.dir/C_/VSARM/sdk/pico/pico-sdk/lib/tinyusb/src/tusb.c.obj
                0x10006940                tu_edpt_claim
 .text.tu_edpt_release
                0x10006990       0x3c CMakeFiles/EMBEDDED_NODE_RP2040.dir/C_/VSARM/sdk/pico/pico-sdk/lib/tinyusb/src/tusb.c.obj
                0x10006990                tu_edpt_release
 .text.tu_edpt_validate
                0x100069cc       0x78 CMakeFiles/EMBEDDED_NODE_RP2040.dir/C_/VSARM/sdk/pico/pico-sdk/lib/tinyusb/src/tusb.c.obj
                0x100069cc                tu_edpt_validate
 .text.tu_edpt_bind_driver
                0x10006a44       0x26 CMakeFiles/EMBEDDED_NODE_RP2040.dir/C_/VSARM/sdk/pico/pico-sdk/lib/tinyusb/src/tusb.c.obj
                0x10006a44                tu_edpt_bind_driver
 .text.advance_index
                0x10006a6a       0x1a CMakeFiles/EMBEDDED_NODE_RP2040.dir/C_/VSARM/sdk/pico/pico-sdk/lib/tinyusb/src/common/tusb_fifo.c.obj
 .text._tu_fifo_peek
                0x10006a84       0x56 CMakeFiles/EMBEDDED_NODE_RP2040.dir/C_/VSARM/sdk/pico/pico-sdk/lib/tinyusb/src/common/tusb_fifo.c.obj
 .text._ff_pull_const_addr
                0x10006ada       0x4c CMakeFiles/EMBEDDED_NODE_RP2040.dir/C_/VSARM/sdk/pico/pico-sdk/lib/tinyusb/src/common/tusb_fifo.c.obj
 .text._ff_pull_n
                0x10006b26      0x110 CMakeFiles/EMBEDDED_NODE_RP2040.dir/C_/VSARM/sdk/pico/pico-sdk/lib/tinyusb/src/common/tusb_fifo.c.obj
 .text._tu_fifo_peek_n
                0x10006c36       0x6a CMakeFiles/EMBEDDED_NODE_RP2040.dir/C_/VSARM/sdk/pico/pico-sdk/lib/tinyusb/src/common/tusb_fifo.c.obj
 .text._tu_fifo_read_n
                0x10006ca0       0x4e CMakeFiles/EMBEDDED_NODE_RP2040.dir/C_/VSARM/sdk/pico/pico-sdk/lib/tinyusb/src/common/tusb_fifo.c.obj
 .text._ff_push_const_addr
                0x10006cee       0x40 CMakeFiles/EMBEDDED_NODE_RP2040.dir/C_/VSARM/sdk/pico/pico-sdk/lib/tinyusb/src/common/tusb_fifo.c.obj
 .text._ff_push_n
                0x10006d2e      0x10c CMakeFiles/EMBEDDED_NODE_RP2040.dir/C_/VSARM/sdk/pico/pico-sdk/lib/tinyusb/src/common/tusb_fifo.c.obj
 .text._tu_fifo_write_n
                0x10006e3a       0xf0 CMakeFiles/EMBEDDED_NODE_RP2040.dir/C_/VSARM/sdk/pico/pico-sdk/lib/tinyusb/src/common/tusb_fifo.c.obj
 .text.tu_fifo_config
                0x10006f2a       0x7c CMakeFiles/EMBEDDED_NODE_RP2040.dir/C_/VSARM/sdk/pico/pico-sdk/lib/tinyusb/src/common/tusb_fifo.c.obj
                0x10006f2a                tu_fifo_config
 .text.tu_fifo_count
                0x10006fa6       0x2a CMakeFiles/EMBEDDED_NODE_RP2040.dir/C_/VSARM/sdk/pico/pico-sdk/lib/tinyusb/src/common/tusb_fifo.c.obj
                0x10006fa6                tu_fifo_count
 .text.tu_fifo_empty
                0x10006fd0       0x10 CMakeFiles/EMBEDDED_NODE_RP2040.dir/C_/VSARM/sdk/pico/pico-sdk/lib/tinyusb/src/common/tusb_fifo.c.obj
                0x10006fd0                tu_fifo_empty
 .text.tu_fifo_full
                0x10006fe0       0x28 CMakeFiles/EMBEDDED_NODE_RP2040.dir/C_/VSARM/sdk/pico/pico-sdk/lib/tinyusb/src/common/tusb_fifo.c.obj
                0x10006fe0                tu_fifo_full
 .text.tu_fifo_remaining
                0x10007008       0x2c CMakeFiles/EMBEDDED_NODE_RP2040.dir/C_/VSARM/sdk/pico/pico-sdk/lib/tinyusb/src/common/tusb_fifo.c.obj
                0x10007008                tu_fifo_remaining
 .text.tu_fifo_read
                0x10007034       0x42 CMakeFiles/EMBEDDED_NODE_RP2040.dir/C_/VSARM/sdk/pico/pico-sdk/lib/tinyusb/src/common/tusb_fifo.c.obj
                0x10007034                tu_fifo_read
 .text.tu_fifo_read_n
                0x10007076        0xa CMakeFiles/EMBEDDED_NODE_RP2040.dir/C_/VSARM/sdk/pico/pico-sdk/lib/tinyusb/src/common/tusb_fifo.c.obj
                0x10007076                tu_fifo_read_n
 .text.tu_fifo_write
                0x10007080       0x64 CMakeFiles/EMBEDDED_NODE_RP2040.dir/C_/VSARM/sdk/pico/pico-sdk/lib/tinyusb/src/common/tusb_fifo.c.obj
                0x10007080                tu_fifo_write
 .text.tu_fifo_write_n
                0x100070e4        0xa CMakeFiles/EMBEDDED_NODE_RP2040.dir/C_/VSARM/sdk/pico/pico-sdk/lib/tinyusb/src/common/tusb_fifo.c.obj
                0x100070e4                tu_fifo_write_n
 .text.tu_fifo_clear
                0x100070ee       0x3e CMakeFiles/EMBEDDED_NODE_RP2040.dir/C_/VSARM/sdk/pico/pico-sdk/lib/tinyusb/src/common/tusb_fifo.c.obj
                0x100070ee                tu_fifo_clear
 .text.tu_fifo_set_overwritable
                0x1000712c       0x46 CMakeFiles/EMBEDDED_NODE_RP2040.dir/C_/VSARM/sdk/pico/pico-sdk/lib/tinyusb/src/common/tusb_fifo.c.obj
                0x1000712c                tu_fifo_set_overwritable
 *fill*         0x10007172        0x2 
 .text.i2c_set_baudrate
                0x10007174       0xf0 CMakeFiles/EMBEDDED_NODE_RP2040.dir/C_/VSARM/sdk/pico/pico-sdk/src/rp2_common/hardware_i2c/i2c.c.obj
                0x10007174                i2c_set_baudrate
 .text.i2c_init
                0x10007264       0x58 CMakeFiles/EMBEDDED_NODE_RP2040.dir/C_/VSARM/sdk/pico/pico-sdk/src/rp2_common/hardware_i2c/i2c.c.obj
                0x10007264                i2c_init
 .text.i2c_set_slave_mode
                0x100072bc       0x48 CMakeFiles/EMBEDDED_NODE_RP2040.dir/C_/VSARM/sdk/pico/pico-sdk/src/rp2_common/hardware_i2c/i2c.c.obj
                0x100072bc                i2c_set_slave_mode
 .text.strlen   0x10007304       0x5c c:/vsarm/armcc/102020~1/bin/../lib/gcc/arm-none-eabi/10.2.1/../../../../arm-none-eabi/lib/thumb/v6-m/nofp\libg.a(lib_a-strlen-stub.o)
                0x10007304                strlen
 *(.fini)
 .fini          0x10007360        0x4 c:/vsarm/armcc/102020~1/bin/../lib/gcc/arm-none-eabi/10.2.1/thumb/v6-m/nofp/crti.o
                0x10007360                _fini
 *fill*         0x10007364        0x4 
 .fini.__stub   0x10007368       0xe0 linker stubs
 *crtbegin.o(.ctors)
 *crtbegin?.o(.ctors)
 *(EXCLUDE_FILE(*crtend.o *crtend?.o) .ctors)
 *(SORT_BY_NAME(.ctors.*))
 *(.ctors)
 *crtbegin.o(.dtors)
 *crtbegin?.o(.dtors)
 *(EXCLUDE_FILE(*crtend.o *crtend?.o) .dtors)
 *(SORT_BY_NAME(.dtors.*))
 *(.dtors)
 *(.eh_frame*)
 .eh_frame      0x10007448        0x0 c:/vsarm/armcc/102020~1/bin/../lib/gcc/arm-none-eabi/10.2.1/thumb/v6-m/nofp/crtbegin.o
                0x10007448                . = ALIGN (0x4)

.glue_7         0x10007448        0x0
 .glue_7        0x10007448        0x0 linker stubs

.glue_7t        0x10007448        0x0
 .glue_7t       0x10007448        0x0 linker stubs

.vfp11_veneer   0x10007448        0x0
 .vfp11_veneer  0x10007448        0x0 linker stubs

.v4_bx          0x10007448        0x0
 .v4_bx         0x10007448        0x0 linker stubs

.iplt           0x10007448        0x0
 .iplt          0x10007448        0x0 c:/vsarm/armcc/102020~1/bin/../lib/gcc/arm-none-eabi/10.2.1/thumb/v6-m/nofp/crtbegin.o

.rodata         0x10007448     0x17a0
 *(EXCLUDE_FILE(*libm.a: *libc.a:*lib_a-mem*.o *libgcc.a:) .rodata*)
 .rodata.main.str1.4
                0x10007448        0xa CMakeFiles/EMBEDDED_NODE_RP2040.dir/main.c.obj
 *fill*         0x10007452        0x2 
 .rodata.setup_i2c.str1.4
                0x10007454       0x13 CMakeFiles/EMBEDDED_NODE_RP2040.dir/i2c/i2c_protocal.c.obj
 *fill*         0x10007467        0x1 
 .rodata.irq_i2c_rx_done.str1.4
                0x10007468       0x76 CMakeFiles/EMBEDDED_NODE_RP2040.dir/i2c/i2c_protocal.c.obj
 *fill*         0x100074de        0x2 
 .rodata.irq_i2c_rd_req.str1.4
                0x100074e0       0x25 CMakeFiles/EMBEDDED_NODE_RP2040.dir/i2c/i2c_protocal.c.obj
 *fill*         0x10007505        0x3 
 .rodata.irq_i2c_func.str1.4
                0x10007508       0x10 CMakeFiles/EMBEDDED_NODE_RP2040.dir/i2c/i2c_protocal.c.obj
 .rodata.__func__.0
                0x10007518       0x13 CMakeFiles/EMBEDDED_NODE_RP2040.dir/i2c/i2c_protocal.c.obj
 *fill*         0x1000752b        0x1 
 .rodata.__func__.1
                0x1000752c       0x12 CMakeFiles/EMBEDDED_NODE_RP2040.dir/i2c/i2c_protocal.c.obj
 *fill*         0x1000753e        0x2 
 .rodata.f_default.str1.4
                0x10007540       0x21 CMakeFiles/EMBEDDED_NODE_RP2040.dir/vmmio/vmmio.c.obj
 *fill*         0x10007561        0x3 
 .rodata.srv_claw.str1.4
                0x10007564       0x33 CMakeFiles/EMBEDDED_NODE_RP2040.dir/vmmio/vmmio.c.obj
 *fill*         0x10007597        0x1 
 .rodata.srv_torp.str1.4
                0x10007598       0x1a CMakeFiles/EMBEDDED_NODE_RP2040.dir/vmmio/vmmio.c.obj
 *fill*         0x100075b2        0x2 
 .rodata.led_r.str1.4
                0x100075b4       0x14 CMakeFiles/EMBEDDED_NODE_RP2040.dir/vmmio/vmmio.c.obj
 .rodata.led_g.str1.4
                0x100075c8       0x14 CMakeFiles/EMBEDDED_NODE_RP2040.dir/vmmio/vmmio.c.obj
 .rodata.led_b.str1.4
                0x100075dc       0x14 CMakeFiles/EMBEDDED_NODE_RP2040.dir/vmmio/vmmio.c.obj
 .rodata.sys_rate.str1.4
                0x100075f0       0x1c CMakeFiles/EMBEDDED_NODE_RP2040.dir/vmmio/vmmio.c.obj
 .rodata.pwm_step_level.str1.4
                0x1000760c       0x1c CMakeFiles/EMBEDDED_NODE_RP2040.dir/vmmio/vmmio.c.obj
 .rodata.spin_lock_claim_unused.str1.4
                0x10007628       0x1b CMakeFiles/EMBEDDED_NODE_RP2040.dir/C_/VSARM/sdk/pico/pico-sdk/src/rp2_common/hardware_sync/sync.c.obj
 *fill*         0x10007643        0x1 
 .rodata.make_branch.str1.4
                0x10007644       0x6d CMakeFiles/EMBEDDED_NODE_RP2040.dir/C_/VSARM/sdk/pico/pico-sdk/src/rp2_common/hardware_irq/irq.c.obj
 *fill*         0x100076b1        0x3 
 .rodata.insert_branch_and_link.str1.4
                0x100076b4       0x10 CMakeFiles/EMBEDDED_NODE_RP2040.dir/C_/VSARM/sdk/pico/pico-sdk/src/rp2_common/hardware_irq/irq.c.obj
 .rodata.irq_set_exclusive_handler.str1.4
                0x100076c4       0x36 CMakeFiles/EMBEDDED_NODE_RP2040.dir/C_/VSARM/sdk/pico/pico-sdk/src/rp2_common/hardware_irq/irq.c.obj
 *fill*         0x100076fa        0x2 
 .rodata.irq_add_shared_handler.str1.4
                0x100076fc       0xd9 CMakeFiles/EMBEDDED_NODE_RP2040.dir/C_/VSARM/sdk/pico/pico-sdk/src/rp2_common/hardware_irq/irq.c.obj
 *fill*         0x100077d5        0x3 
 .rodata.irq_remove_handler.str1.4
                0x100077d8       0x3a CMakeFiles/EMBEDDED_NODE_RP2040.dir/C_/VSARM/sdk/pico/pico-sdk/src/rp2_common/hardware_irq/irq.c.obj
 *fill*         0x10007812        0x2 
 .rodata.irq_add_tail_to_free_list.str1.4
                0x10007814       0x3a CMakeFiles/EMBEDDED_NODE_RP2040.dir/C_/VSARM/sdk/pico/pico-sdk/src/rp2_common/hardware_irq/irq.c.obj
 *fill*         0x1000784e        0x2 
 .rodata.user_irq_claim_unused.str1.4
                0x10007850       0x1b CMakeFiles/EMBEDDED_NODE_RP2040.dir/C_/VSARM/sdk/pico/pico-sdk/src/rp2_common/hardware_irq/irq.c.obj
 *fill*         0x1000786b        0x1 
 .rodata.__func__.0
                0x1000786c       0x1a CMakeFiles/EMBEDDED_NODE_RP2040.dir/C_/VSARM/sdk/pico/pico-sdk/src/rp2_common/hardware_irq/irq.c.obj
 *fill*         0x10007886        0x2 
 .rodata.__func__.1
                0x10007888       0x17 CMakeFiles/EMBEDDED_NODE_RP2040.dir/C_/VSARM/sdk/pico/pico-sdk/src/rp2_common/hardware_irq/irq.c.obj
 *fill*         0x1000789f        0x1 
 .rodata.__func__.2
                0x100078a0       0x13 CMakeFiles/EMBEDDED_NODE_RP2040.dir/C_/VSARM/sdk/pico/pico-sdk/src/rp2_common/hardware_irq/irq.c.obj
 *fill*         0x100078b3        0x1 
 .rodata.__func__.3
                0x100078b4        0xc CMakeFiles/EMBEDDED_NODE_RP2040.dir/C_/VSARM/sdk/pico/pico-sdk/src/rp2_common/hardware_irq/irq.c.obj
 .rodata.__func__.4
                0x100078c0        0xf CMakeFiles/EMBEDDED_NODE_RP2040.dir/C_/VSARM/sdk/pico/pico-sdk/src/rp2_common/hardware_irq/irq.c.obj
 *fill*         0x100078cf        0x1 
 .rodata.__func__.5
                0x100078d0       0x17 CMakeFiles/EMBEDDED_NODE_RP2040.dir/C_/VSARM/sdk/pico/pico-sdk/src/rp2_common/hardware_irq/irq.c.obj
 *fill*         0x100078e7        0x1 
 .rodata.__func__.6
                0x100078e8       0x1a CMakeFiles/EMBEDDED_NODE_RP2040.dir/C_/VSARM/sdk/pico/pico-sdk/src/rp2_common/hardware_irq/irq.c.obj
 *fill*         0x10007902        0x2 
 .rodata.str1.4
                0x10007904       0xed CMakeFiles/EMBEDDED_NODE_RP2040.dir/C_/VSARM/sdk/pico/pico-sdk/src/common/pico_sync/mutex.c.obj
 *fill*         0x100079f1        0x3 
 .rodata.__func__.1
                0x100079f4        0xb CMakeFiles/EMBEDDED_NODE_RP2040.dir/C_/VSARM/sdk/pico/pico-sdk/src/common/pico_sync/mutex.c.obj
 *fill*         0x100079ff        0x1 
 .rodata.__func__.3
                0x10007a00       0x18 CMakeFiles/EMBEDDED_NODE_RP2040.dir/C_/VSARM/sdk/pico/pico-sdk/src/common/pico_sync/mutex.c.obj
 .rodata.__func__.4
                0x10007a18       0x15 CMakeFiles/EMBEDDED_NODE_RP2040.dir/C_/VSARM/sdk/pico/pico-sdk/src/common/pico_sync/mutex.c.obj
 *fill*         0x10007a2d        0x3 
 .rodata.repeating_timer_callback.str1.4
                0x10007a30       0x4b CMakeFiles/EMBEDDED_NODE_RP2040.dir/C_/VSARM/sdk/pico/pico-sdk/src/common/pico_time/time.c.obj
 *fill*         0x10007a7b        0x1 
 .rodata.timer_pool_entry_comparator.str1.4
                0x10007a7c       0x22 CMakeFiles/EMBEDDED_NODE_RP2040.dir/C_/VSARM/sdk/pico/pico-sdk/src/common/pico_time/time.c.obj
 *fill*         0x10007a9e        0x2 
 .rodata.ph_add_child_node.str1.4
                0x10007aa0       0x96 CMakeFiles/EMBEDDED_NODE_RP2040.dir/C_/VSARM/sdk/pico/pico-sdk/src/common/pico_time/time.c.obj
 *fill*         0x10007b36        0x2 
 .rodata.add_alarm_under_lock.str1.4
                0x10007b38       0x28 CMakeFiles/EMBEDDED_NODE_RP2040.dir/C_/VSARM/sdk/pico/pico-sdk/src/common/pico_time/time.c.obj
                                 0x2b (size before relaxing)
 .rodata.alarm_pool_alarm_callback.str1.4
                0x10007b60       0x98 CMakeFiles/EMBEDDED_NODE_RP2040.dir/C_/VSARM/sdk/pico/pico-sdk/src/common/pico_time/time.c.obj
                                 0xfc (size before relaxing)
 .rodata.alarm_pool_get_default.str1.4
                0x10007bf8       0x21 CMakeFiles/EMBEDDED_NODE_RP2040.dir/C_/VSARM/sdk/pico/pico-sdk/src/common/pico_time/time.c.obj
 *fill*         0x10007c19        0x3 
 .rodata.alarm_pool_cancel_alarm.str1.4
                0x10007c1c       0x27 CMakeFiles/EMBEDDED_NODE_RP2040.dir/C_/VSARM/sdk/pico/pico-sdk/src/common/pico_time/time.c.obj
 *fill*         0x10007c43        0x1 
 .rodata.__func__.0
                0x10007c44       0x19 CMakeFiles/EMBEDDED_NODE_RP2040.dir/C_/VSARM/sdk/pico/pico-sdk/src/common/pico_time/time.c.obj
 *fill*         0x10007c5d        0x3 
 .rodata.__func__.1
                0x10007c60       0x18 CMakeFiles/EMBEDDED_NODE_RP2040.dir/C_/VSARM/sdk/pico/pico-sdk/src/common/pico_time/time.c.obj
 .rodata.__func__.10
                0x10007c78       0x15 CMakeFiles/EMBEDDED_NODE_RP2040.dir/C_/VSARM/sdk/pico/pico-sdk/src/common/pico_time/time.c.obj
 *fill*         0x10007c8d        0x3 
 .rodata.__func__.11
                0x10007c90       0x1a CMakeFiles/EMBEDDED_NODE_RP2040.dir/C_/VSARM/sdk/pico/pico-sdk/src/common/pico_time/time.c.obj
 *fill*         0x10007caa        0x2 
 .rodata.__func__.12
                0x10007cac        0xa CMakeFiles/EMBEDDED_NODE_RP2040.dir/C_/VSARM/sdk/pico/pico-sdk/src/common/pico_time/time.c.obj
 *fill*         0x10007cb6        0x2 
 .rodata.__func__.3
                0x10007cb8       0x17 CMakeFiles/EMBEDDED_NODE_RP2040.dir/C_/VSARM/sdk/pico/pico-sdk/src/common/pico_time/time.c.obj
 *fill*         0x10007ccf        0x1 
 .rodata.__func__.4
                0x10007cd0       0x12 CMakeFiles/EMBEDDED_NODE_RP2040.dir/C_/VSARM/sdk/pico/pico-sdk/src/common/pico_time/time.c.obj
 *fill*         0x10007ce2        0x2 
 .rodata.__func__.5
                0x10007ce4        0xd CMakeFiles/EMBEDDED_NODE_RP2040.dir/C_/VSARM/sdk/pico/pico-sdk/src/common/pico_time/time.c.obj
 *fill*         0x10007cf1        0x3 
 .rodata.__func__.6
                0x10007cf4       0x12 CMakeFiles/EMBEDDED_NODE_RP2040.dir/C_/VSARM/sdk/pico/pico-sdk/src/common/pico_time/time.c.obj
 *fill*         0x10007d06        0x2 
 .rodata.__func__.7
                0x10007d08        0xf CMakeFiles/EMBEDDED_NODE_RP2040.dir/C_/VSARM/sdk/pico/pico-sdk/src/common/pico_time/time.c.obj
 *fill*         0x10007d17        0x1 
 .rodata.__func__.8
                0x10007d18        0xc CMakeFiles/EMBEDDED_NODE_RP2040.dir/C_/VSARM/sdk/pico/pico-sdk/src/common/pico_time/time.c.obj
 .rodata.__func__.9
                0x10007d24       0x15 CMakeFiles/EMBEDDED_NODE_RP2040.dir/C_/VSARM/sdk/pico/pico-sdk/src/common/pico_time/time.c.obj
 *fill*         0x10007d39        0x3 
 .rodata.hardware_alarm_claim.str1.4
                0x10007d3c       0x22 CMakeFiles/EMBEDDED_NODE_RP2040.dir/C_/VSARM/sdk/pico/pico-sdk/src/rp2_common/hardware_timer/timer.c.obj
 .rodata.busy_wait_us.str1.4
                0x10007d5e       0x61 CMakeFiles/EMBEDDED_NODE_RP2040.dir/C_/VSARM/sdk/pico/pico-sdk/src/rp2_common/hardware_timer/timer.c.obj
 *fill*         0x10007d5e        0x2 
 .rodata.hardware_alarm_set_target.str1.4
                0x10007d60       0x65 CMakeFiles/EMBEDDED_NODE_RP2040.dir/C_/VSARM/sdk/pico/pico-sdk/src/rp2_common/hardware_timer/timer.c.obj
 *fill*         0x10007dc5        0x3 
 .rodata.__func__.0
                0x10007dc8       0x1a CMakeFiles/EMBEDDED_NODE_RP2040.dir/C_/VSARM/sdk/pico/pico-sdk/src/rp2_common/hardware_timer/timer.c.obj
 *fill*         0x10007de2        0x2 
 .rodata.__func__.1
                0x10007de4       0x15 CMakeFiles/EMBEDDED_NODE_RP2040.dir/C_/VSARM/sdk/pico/pico-sdk/src/rp2_common/hardware_timer/timer.c.obj
 .rodata.ph_add_child_node.str1.4
                0x10007df9       0x96 CMakeFiles/EMBEDDED_NODE_RP2040.dir/C_/VSARM/sdk/pico/pico-sdk/src/common/pico_util/pheap.c.obj
 *fill*         0x10007df9        0x3 
 .rodata.ph_remove_any_head.str1.4
                0x10007dfc       0x8c CMakeFiles/EMBEDDED_NODE_RP2040.dir/C_/VSARM/sdk/pico/pico-sdk/src/common/pico_util/pheap.c.obj
                                 0xa0 (size before relaxing)
 .rodata.ph_remove_and_free_node.str1.4
                0x10007e88       0x1e CMakeFiles/EMBEDDED_NODE_RP2040.dir/C_/VSARM/sdk/pico/pico-sdk/src/common/pico_util/pheap.c.obj
                                 0x26 (size before relaxing)
 *fill*         0x10007ea6        0x2 
 .rodata.__func__.0
                0x10007ea8       0x18 CMakeFiles/EMBEDDED_NODE_RP2040.dir/C_/VSARM/sdk/pico/pico-sdk/src/common/pico_util/pheap.c.obj
 .rodata.__func__.1
                0x10007ec0       0x13 CMakeFiles/EMBEDDED_NODE_RP2040.dir/C_/VSARM/sdk/pico/pico-sdk/src/common/pico_util/pheap.c.obj
 *fill*         0x10007ed3        0x1 
 .rodata.__func__.2
                0x10007ed4       0x12 CMakeFiles/EMBEDDED_NODE_RP2040.dir/C_/VSARM/sdk/pico/pico-sdk/src/common/pico_util/pheap.c.obj
 *fill*         0x10007ee6        0x2 
 .rodata.__func__.3
                0x10007ee8        0xc CMakeFiles/EMBEDDED_NODE_RP2040.dir/C_/VSARM/sdk/pico/pico-sdk/src/common/pico_util/pheap.c.obj
 .rodata.clock_configure.str1.4
                0x10007ef4       0x57 CMakeFiles/EMBEDDED_NODE_RP2040.dir/C_/VSARM/sdk/pico/pico-sdk/src/rp2_common/hardware_clocks/clocks.c.obj
 *fill*         0x10007f4b        0x1 
 .rodata.__func__.1
                0x10007f4c       0x10 CMakeFiles/EMBEDDED_NODE_RP2040.dir/C_/VSARM/sdk/pico/pico-sdk/src/rp2_common/hardware_clocks/clocks.c.obj
 .rodata.pll_init.str1.4
                0x10007f5c      0x123 CMakeFiles/EMBEDDED_NODE_RP2040.dir/C_/VSARM/sdk/pico/pico-sdk/src/rp2_common/hardware_pll/pll.c.obj
 *fill*         0x1000807f        0x1 
 .rodata.__func__.0
                0x10008080        0x9 CMakeFiles/EMBEDDED_NODE_RP2040.dir/C_/VSARM/sdk/pico/pico-sdk/src/rp2_common/hardware_pll/pll.c.obj
 *fill*         0x10008089        0x3 
 .rodata.__assert_func.str1.4
                0x1000808c       0x3f CMakeFiles/EMBEDDED_NODE_RP2040.dir/C_/VSARM/sdk/pico/pico-sdk/src/rp2_common/pico_runtime/runtime.c.obj
                                 0x43 (size before relaxing)
 *fill*         0x100080cb        0x1 
 .rodata.runtime_init.str1.4
                0x100080cc       0x61 CMakeFiles/EMBEDDED_NODE_RP2040.dir/C_/VSARM/sdk/pico/pico-sdk/src/rp2_common/pico_runtime/runtime.c.obj
 *fill*         0x1000812d        0x3 
 .rodata.panic.str1.4
                0x10008130       0x10 CMakeFiles/EMBEDDED_NODE_RP2040.dir/C_/VSARM/sdk/pico/pico-sdk/src/rp2_common/pico_runtime/runtime.c.obj
                                 0x12 (size before relaxing)
 .rodata.__func__.2
                0x10008140        0xd CMakeFiles/EMBEDDED_NODE_RP2040.dir/C_/VSARM/sdk/pico/pico-sdk/src/rp2_common/pico_runtime/runtime.c.obj
 *fill*         0x1000814d        0x3 
 .rodata._ftoa.str1.4
                0x10008150       0x15 CMakeFiles/EMBEDDED_NODE_RP2040.dir/C_/VSARM/sdk/pico/pico-sdk/src/rp2_common/pico_printf/printf.c.obj
 *fill*         0x10008165        0x3 
 .rodata._vsnprintf
                0x10008168      0x1e0 CMakeFiles/EMBEDDED_NODE_RP2040.dir/C_/VSARM/sdk/pico/pico-sdk/src/rp2_common/pico_printf/printf.c.obj
 .rodata.pow10.0
                0x10008348       0x50 CMakeFiles/EMBEDDED_NODE_RP2040.dir/C_/VSARM/sdk/pico/pico-sdk/src/rp2_common/pico_printf/printf.c.obj
 .rodata.__aeabi_double_init.str1.4
                0x10008398       0xa8 CMakeFiles/EMBEDDED_NODE_RP2040.dir/C_/VSARM/sdk/pico/pico-sdk/src/rp2_common/pico_double/double_init_rom.c.obj
 .rodata.__func__.0
                0x10008440       0x14 CMakeFiles/EMBEDDED_NODE_RP2040.dir/C_/VSARM/sdk/pico/pico-sdk/src/rp2_common/pico_double/double_init_rom.c.obj
 .rodata.__aeabi_float_init.str1.4
                0x10008454       0x7a CMakeFiles/EMBEDDED_NODE_RP2040.dir/C_/VSARM/sdk/pico/pico-sdk/src/rp2_common/pico_float/float_init_rom.c.obj
                                 0x7e (size before relaxing)
 *fill*         0x100084ce        0x2 
 .rodata.__func__.0
                0x100084d0       0x13 CMakeFiles/EMBEDDED_NODE_RP2040.dir/C_/VSARM/sdk/pico/pico-sdk/src/rp2_common/pico_float/float_init_rom.c.obj
 *fill*         0x100084e3        0x1 
 .rodata.str1.4
                0x100084e4       0x4c CMakeFiles/EMBEDDED_NODE_RP2040.dir/C_/VSARM/sdk/pico/pico-sdk/src/rp2_common/pico_standard_link/binary_info.c.obj
 .rodata.__bi_44
                0x10008530        0xc CMakeFiles/EMBEDDED_NODE_RP2040.dir/C_/VSARM/sdk/pico/pico-sdk/src/rp2_common/pico_standard_link/binary_info.c.obj
 .rodata.__bi_75
                0x1000853c        0xc CMakeFiles/EMBEDDED_NODE_RP2040.dir/C_/VSARM/sdk/pico/pico-sdk/src/rp2_common/pico_standard_link/binary_info.c.obj
 .rodata.__bi_81
                0x10008548        0xc CMakeFiles/EMBEDDED_NODE_RP2040.dir/C_/VSARM/sdk/pico/pico-sdk/src/rp2_common/pico_standard_link/binary_info.c.obj
 .rodata.stdout_serialize_begin.str1.4
                0x10008554       0x61 CMakeFiles/EMBEDDED_NODE_RP2040.dir/C_/VSARM/sdk/pico/pico-sdk/src/rp2_common/pico_stdio/stdio.c.obj
 .rodata.__func__.3
                0x10008554       0x15 CMakeFiles/EMBEDDED_NODE_RP2040.dir/C_/VSARM/sdk/pico/pico-sdk/src/rp2_common/pico_stdio/stdio.c.obj
 *fill*         0x10008569        0x3 
 .rodata.crlf_str.2
                0x1000856c        0x2 CMakeFiles/EMBEDDED_NODE_RP2040.dir/C_/VSARM/sdk/pico/pico-sdk/src/rp2_common/pico_stdio/stdio.c.obj
 *fill*         0x1000856e        0x2 
 .rodata._resetd_driver
                0x10008570       0x18 CMakeFiles/EMBEDDED_NODE_RP2040.dir/C_/VSARM/sdk/pico/pico-sdk/src/rp2_common/pico_stdio_usb/reset_interface.c.obj
 .rodata.low_priority_worker_irq.str1.4
                0x10008588       0x61 CMakeFiles/EMBEDDED_NODE_RP2040.dir/C_/VSARM/sdk/pico/pico-sdk/src/rp2_common/pico_stdio_usb/stdio_usb.c.obj
 .rodata.stdio_usb_init.str1.4
                0x10008588       0x45 CMakeFiles/EMBEDDED_NODE_RP2040.dir/C_/VSARM/sdk/pico/pico-sdk/src/rp2_common/pico_stdio_usb/stdio_usb.c.obj
                                 0x4d (size before relaxing)
 *fill*         0x100085cd        0x3 
 .rodata.str1.4
                0x100085d0       0x13 CMakeFiles/EMBEDDED_NODE_RP2040.dir/C_/VSARM/sdk/pico/pico-sdk/src/rp2_common/pico_stdio_usb/stdio_usb.c.obj
 *fill*         0x100085e3        0x1 
 .rodata.__bi_188.0
                0x100085e4        0xc CMakeFiles/EMBEDDED_NODE_RP2040.dir/C_/VSARM/sdk/pico/pico-sdk/src/rp2_common/pico_stdio_usb/stdio_usb.c.obj
 .rodata.__func__.1
                0x100085f0        0xf CMakeFiles/EMBEDDED_NODE_RP2040.dir/C_/VSARM/sdk/pico/pico-sdk/src/rp2_common/pico_stdio_usb/stdio_usb.c.obj
 *fill*         0x100085ff        0x1 
 .rodata.__func__.3
                0x10008600       0x15 CMakeFiles/EMBEDDED_NODE_RP2040.dir/C_/VSARM/sdk/pico/pico-sdk/src/rp2_common/pico_stdio_usb/stdio_usb.c.obj
 *fill*         0x10008615        0x3 
 .rodata.str1.4
                0x10008618       0x2a CMakeFiles/EMBEDDED_NODE_RP2040.dir/C_/VSARM/sdk/pico/pico-sdk/src/rp2_common/pico_stdio_usb/stdio_usb_descriptors.c.obj
 *fill*         0x10008642        0x2 
 .rodata.usbd_desc_cfg
                0x10008644       0x54 CMakeFiles/EMBEDDED_NODE_RP2040.dir/C_/VSARM/sdk/pico/pico-sdk/src/rp2_common/pico_stdio_usb/stdio_usb_descriptors.c.obj
 .rodata.usbd_desc_device
                0x10008698       0x12 CMakeFiles/EMBEDDED_NODE_RP2040.dir/C_/VSARM/sdk/pico/pico-sdk/src/rp2_common/pico_stdio_usb/stdio_usb_descriptors.c.obj
 *fill*         0x100086aa        0x2 
 .rodata.usbd_desc_str
                0x100086ac       0x18 CMakeFiles/EMBEDDED_NODE_RP2040.dir/C_/VSARM/sdk/pico/pico-sdk/src/rp2_common/pico_stdio_usb/stdio_usb_descriptors.c.obj
 .rodata.pico_get_unique_board_id_string.str1.4
                0x100086c4       0x4d CMakeFiles/EMBEDDED_NODE_RP2040.dir/C_/VSARM/sdk/pico/pico-sdk/src/rp2_common/pico_unique_id/unique_id.c.obj
 *fill*         0x10008711        0x3 
 .rodata.__func__.0
                0x10008714       0x20 CMakeFiles/EMBEDDED_NODE_RP2040.dir/C_/VSARM/sdk/pico/pico-sdk/src/rp2_common/pico_unique_id/unique_id.c.obj
 .rodata.str1.4
                0x10008734      0x15a CMakeFiles/EMBEDDED_NODE_RP2040.dir/C_/VSARM/sdk/pico/pico-sdk/src/rp2_common/hardware_flash/flash.c.obj
 *fill*         0x1000888e        0x2 
 .rodata.__func__.0
                0x10008890        0xd CMakeFiles/EMBEDDED_NODE_RP2040.dir/C_/VSARM/sdk/pico/pico-sdk/src/rp2_common/hardware_flash/flash.c.obj
 *fill*         0x1000889d        0x3 
 .rodata._hw_endpoint_alloc.str1.4
                0x100088a0       0xb5 CMakeFiles/EMBEDDED_NODE_RP2040.dir/C_/VSARM/sdk/pico/pico-sdk/lib/tinyusb/src/portable/raspberrypi/rp2040/dcd_rp2040.c.obj
 *fill*         0x10008955        0x3 
 .rodata.str1.4
                0x10008958       0x14 CMakeFiles/EMBEDDED_NODE_RP2040.dir/C_/VSARM/sdk/pico/pico-sdk/lib/tinyusb/src/portable/raspberrypi/rp2040/dcd_rp2040.c.obj
 .rodata.dcd_int_enable.str1.4
                0x1000896c        0xc CMakeFiles/EMBEDDED_NODE_RP2040.dir/C_/VSARM/sdk/pico/pico-sdk/lib/tinyusb/src/portable/raspberrypi/rp2040/dcd_rp2040.c.obj
 .rodata.__func__.0
                0x10008978        0xe CMakeFiles/EMBEDDED_NODE_RP2040.dir/C_/VSARM/sdk/pico/pico-sdk/lib/tinyusb/src/portable/raspberrypi/rp2040/dcd_rp2040.c.obj
 *fill*         0x10008986        0x2 
 .rodata.__func__.1
                0x10008988        0xe CMakeFiles/EMBEDDED_NODE_RP2040.dir/C_/VSARM/sdk/pico/pico-sdk/lib/tinyusb/src/portable/raspberrypi/rp2040/dcd_rp2040.c.obj
 *fill*         0x10008996        0x2 
 .rodata.__func__.3
                0x10008998       0x10 CMakeFiles/EMBEDDED_NODE_RP2040.dir/C_/VSARM/sdk/pico/pico-sdk/lib/tinyusb/src/portable/raspberrypi/rp2040/dcd_rp2040.c.obj
 .rodata.__func__.5
                0x100089a8        0xf CMakeFiles/EMBEDDED_NODE_RP2040.dir/C_/VSARM/sdk/pico/pico-sdk/lib/tinyusb/src/portable/raspberrypi/rp2040/dcd_rp2040.c.obj
 *fill*         0x100089b7        0x1 
 .rodata.__func__.6
                0x100089b8       0x13 CMakeFiles/EMBEDDED_NODE_RP2040.dir/C_/VSARM/sdk/pico/pico-sdk/lib/tinyusb/src/portable/raspberrypi/rp2040/dcd_rp2040.c.obj
 *fill*         0x100089cb        0x1 
 .rodata.__func__.7
                0x100089cc        0x9 CMakeFiles/EMBEDDED_NODE_RP2040.dir/C_/VSARM/sdk/pico/pico-sdk/lib/tinyusb/src/portable/raspberrypi/rp2040/dcd_rp2040.c.obj
 *fill*         0x100089d5        0x3 
 .rodata.str1.4
                0x100089d8       0xe7 CMakeFiles/EMBEDDED_NODE_RP2040.dir/C_/VSARM/sdk/pico/pico-sdk/lib/tinyusb/src/portable/raspberrypi/rp2040/rp2040_usb.c.obj
 *fill*         0x10008abf        0x1 
 .rodata.__func__.0
                0x10008ac0        0xf CMakeFiles/EMBEDDED_NODE_RP2040.dir/C_/VSARM/sdk/pico/pico-sdk/lib/tinyusb/src/portable/raspberrypi/rp2040/rp2040_usb.c.obj
 *fill*         0x10008acf        0x1 
 .rodata.process_get_descriptor
                0x10008ad0       0x40 CMakeFiles/EMBEDDED_NODE_RP2040.dir/C_/VSARM/sdk/pico/pico-sdk/lib/tinyusb/src/device/usbd.c.obj
 .rodata.process_control_request
                0x10008b10       0x28 CMakeFiles/EMBEDDED_NODE_RP2040.dir/C_/VSARM/sdk/pico/pico-sdk/lib/tinyusb/src/device/usbd.c.obj
 .rodata.tud_task_ext
                0x10008b38       0x24 CMakeFiles/EMBEDDED_NODE_RP2040.dir/C_/VSARM/sdk/pico/pico-sdk/lib/tinyusb/src/device/usbd.c.obj
 .rodata._usbd_driver
                0x10008b5c       0x18 CMakeFiles/EMBEDDED_NODE_RP2040.dir/C_/VSARM/sdk/pico/pico-sdk/lib/tinyusb/src/device/usbd.c.obj
 .rodata.i2c_set_baudrate.str1.4
                0x10008b74       0x5d CMakeFiles/EMBEDDED_NODE_RP2040.dir/C_/VSARM/sdk/pico/pico-sdk/src/rp2_common/hardware_i2c/i2c.c.obj
 *fill*         0x10008bd1        0x3 
 .rodata.__func__.0
                0x10008bd4       0x11 CMakeFiles/EMBEDDED_NODE_RP2040.dir/C_/VSARM/sdk/pico/pico-sdk/src/rp2_common/hardware_i2c/i2c.c.obj
                0x10008be8                . = ALIGN (0x4)
 *fill*         0x10008be5        0x3 
 *(SORT_BY_ALIGNMENT(SORT_BY_NAME(.flashdata*)))
                0x10008be8                . = ALIGN (0x4)

.rel.dyn        0x10008be8        0x0
 .rel.iplt      0x10008be8        0x0 c:/vsarm/armcc/102020~1/bin/../lib/gcc/arm-none-eabi/10.2.1/thumb/v6-m/nofp/crtbegin.o

.ARM.extab
 *(.ARM.extab* .gnu.linkonce.armextab.*)
                0x10008be8                __exidx_start = .

.ARM.exidx
 *(.ARM.exidx* .gnu.linkonce.armexidx.*)
                0x10008be8                __exidx_end = .
                0x10008be8                . = ALIGN (0x4)
                0x10008be8                __binary_info_start = .

.binary_info    0x10008be8       0x20
 *(.binary_info.keep.*)
 .binary_info.keep.__bi_ptr22
                0x10008be8        0x4 CMakeFiles/EMBEDDED_NODE_RP2040.dir/C_/VSARM/sdk/pico/pico-sdk/src/rp2_common/pico_standard_link/binary_info.c.obj
 .binary_info.keep.__bi_ptr30
                0x10008bec        0x4 CMakeFiles/EMBEDDED_NODE_RP2040.dir/C_/VSARM/sdk/pico/pico-sdk/src/rp2_common/pico_standard_link/binary_info.c.obj
 .binary_info.keep.__bi_ptr38
                0x10008bf0        0x4 CMakeFiles/EMBEDDED_NODE_RP2040.dir/C_/VSARM/sdk/pico/pico-sdk/src/rp2_common/pico_standard_link/binary_info.c.obj
 .binary_info.keep.__bi_ptr44
                0x10008bf4        0x4 CMakeFiles/EMBEDDED_NODE_RP2040.dir/C_/VSARM/sdk/pico/pico-sdk/src/rp2_common/pico_standard_link/binary_info.c.obj
 .binary_info.keep.__bi_ptr50
                0x10008bf8        0x4 CMakeFiles/EMBEDDED_NODE_RP2040.dir/C_/VSARM/sdk/pico/pico-sdk/src/rp2_common/pico_standard_link/binary_info.c.obj
 .binary_info.keep.__bi_ptr75
                0x10008bfc        0x4 CMakeFiles/EMBEDDED_NODE_RP2040.dir/C_/VSARM/sdk/pico/pico-sdk/src/rp2_common/pico_standard_link/binary_info.c.obj
 .binary_info.keep.__bi_ptr81
                0x10008c00        0x4 CMakeFiles/EMBEDDED_NODE_RP2040.dir/C_/VSARM/sdk/pico/pico-sdk/src/rp2_common/pico_standard_link/binary_info.c.obj
 *(.binary_info.*)
 .binary_info.__bi_ptr188
                0x10008c04        0x4 CMakeFiles/EMBEDDED_NODE_RP2040.dir/C_/VSARM/sdk/pico/pico-sdk/src/rp2_common/pico_stdio_usb/stdio_usb.c.obj
                0x10008c08                __binary_info_end = .
                0x10008c08                . = ALIGN (0x4)
                0x10008c08                __etext = .

.ram_vector_table
                0x20000000       0xc0
 *(.ram_vector_table)
 .ram_vector_table
                0x20000000       0xc0 CMakeFiles/EMBEDDED_NODE_RP2040.dir/C_/VSARM/sdk/pico/pico-sdk/src/rp2_common/pico_runtime/runtime.c.obj
                0x20000000                ram_vector_table

.data           0x200000c0     0x10f8 load address 0x10008c08
                0x200000c0                __data_start__ = .
 *(vtable)
 *(.time_critical*)
 .time_critical.mutex_try_enter
                0x200000c0       0x46 CMakeFiles/EMBEDDED_NODE_RP2040.dir/C_/VSARM/sdk/pico/pico-sdk/src/common/pico_sync/mutex.c.obj
                0x200000c0                mutex_try_enter
 *fill*         0x20000106        0x2 
 .time_critical.mutex_enter_block_until
                0x20000108       0x8c CMakeFiles/EMBEDDED_NODE_RP2040.dir/C_/VSARM/sdk/pico/pico-sdk/src/common/pico_sync/mutex.c.obj
                0x20000108                mutex_enter_block_until
 .time_critical.mutex_try_enter_block_until
                0x20000194       0x34 CMakeFiles/EMBEDDED_NODE_RP2040.dir/C_/VSARM/sdk/pico/pico-sdk/src/common/pico_sync/mutex.c.obj
                0x20000194                mutex_try_enter_block_until
 .time_critical.mutex_enter_timeout_ms
                0x200001c8       0x68 CMakeFiles/EMBEDDED_NODE_RP2040.dir/C_/VSARM/sdk/pico/pico-sdk/src/common/pico_sync/mutex.c.obj
                0x200001c8                mutex_enter_timeout_ms
 .time_critical.mutex_exit
                0x20000230       0x4c CMakeFiles/EMBEDDED_NODE_RP2040.dir/C_/VSARM/sdk/pico/pico-sdk/src/common/pico_sync/mutex.c.obj
                0x20000230                mutex_exit
 .time_critical.flash_init_boot2_copyout
                0x2000027c       0x30 CMakeFiles/EMBEDDED_NODE_RP2040.dir/C_/VSARM/sdk/pico/pico-sdk/src/rp2_common/hardware_flash/flash.c.obj
 .time_critical.flash_enable_xip_via_boot2
                0x200002ac       0x10 CMakeFiles/EMBEDDED_NODE_RP2040.dir/C_/VSARM/sdk/pico/pico-sdk/src/rp2_common/hardware_flash/flash.c.obj
 .time_critical.flash_cs_force
                0x200002bc       0x28 CMakeFiles/EMBEDDED_NODE_RP2040.dir/C_/VSARM/sdk/pico/pico-sdk/src/rp2_common/hardware_flash/flash.c.obj
 .time_critical.flash_do_cmd
                0x200002e4       0xd8 CMakeFiles/EMBEDDED_NODE_RP2040.dir/C_/VSARM/sdk/pico/pico-sdk/src/rp2_common/hardware_flash/flash.c.obj
                0x200002e4                flash_do_cmd
 .time_critical.reset_non_control_endpoints
                0x200003bc       0x40 CMakeFiles/EMBEDDED_NODE_RP2040.dir/C_/VSARM/sdk/pico/pico-sdk/lib/tinyusb/src/portable/raspberrypi/rp2040/dcd_rp2040.c.obj
 .time_critical.hw_handle_buff_status
                0x200003fc       0xa4 CMakeFiles/EMBEDDED_NODE_RP2040.dir/C_/VSARM/sdk/pico/pico-sdk/lib/tinyusb/src/portable/raspberrypi/rp2040/dcd_rp2040.c.obj
 .time_critical.dcd_rp2040_irq
                0x200004a0      0x1cc CMakeFiles/EMBEDDED_NODE_RP2040.dir/C_/VSARM/sdk/pico/pico-sdk/lib/tinyusb/src/portable/raspberrypi/rp2040/dcd_rp2040.c.obj
 .time_critical.e15_is_bulkin_ep
                0x2000066c       0x2c CMakeFiles/EMBEDDED_NODE_RP2040.dir/C_/VSARM/sdk/pico/pico-sdk/lib/tinyusb/src/portable/raspberrypi/rp2040/rp2040_usb.c.obj
 .time_critical.e15_is_critical_frame_period
                0x20000698       0x30 CMakeFiles/EMBEDDED_NODE_RP2040.dir/C_/VSARM/sdk/pico/pico-sdk/lib/tinyusb/src/portable/raspberrypi/rp2040/rp2040_usb.c.obj
 .time_critical.prepare_ep_buffer
                0x200006c8       0x70 CMakeFiles/EMBEDDED_NODE_RP2040.dir/C_/VSARM/sdk/pico/pico-sdk/lib/tinyusb/src/portable/raspberrypi/rp2040/rp2040_usb.c.obj
 .time_critical.sync_ep_buffer
                0x20000738       0x80 CMakeFiles/EMBEDDED_NODE_RP2040.dir/C_/VSARM/sdk/pico/pico-sdk/lib/tinyusb/src/portable/raspberrypi/rp2040/rp2040_usb.c.obj
 .time_critical._hw_endpoint_xfer_sync
                0x200007b8       0x28 CMakeFiles/EMBEDDED_NODE_RP2040.dir/C_/VSARM/sdk/pico/pico-sdk/lib/tinyusb/src/portable/raspberrypi/rp2040/rp2040_usb.c.obj
 .time_critical.hw_endpoint_reset_transfer
                0x200007e0        0xc CMakeFiles/EMBEDDED_NODE_RP2040.dir/C_/VSARM/sdk/pico/pico-sdk/lib/tinyusb/src/portable/raspberrypi/rp2040/rp2040_usb.c.obj
                0x200007e0                hw_endpoint_reset_transfer
 .time_critical._hw_endpoint_buffer_control_update32
                0x200007ec       0x58 CMakeFiles/EMBEDDED_NODE_RP2040.dir/C_/VSARM/sdk/pico/pico-sdk/lib/tinyusb/src/portable/raspberrypi/rp2040/rp2040_usb.c.obj
                0x200007ec                _hw_endpoint_buffer_control_update32
 .time_critical.hw_endpoint_start_next_buffer
                0x20000844       0x88 CMakeFiles/EMBEDDED_NODE_RP2040.dir/C_/VSARM/sdk/pico/pico-sdk/lib/tinyusb/src/portable/raspberrypi/rp2040/rp2040_usb.c.obj
                0x20000844                hw_endpoint_start_next_buffer
 .time_critical.hw_endpoint_xfer_continue
                0x200008cc       0x50 CMakeFiles/EMBEDDED_NODE_RP2040.dir/C_/VSARM/sdk/pico/pico-sdk/lib/tinyusb/src/portable/raspberrypi/rp2040/rp2040_usb.c.obj
                0x200008cc                hw_endpoint_xfer_continue
 .time_critical.tinyusb
                0x2000091c      0x1ec CMakeFiles/EMBEDDED_NODE_RP2040.dir/C_/VSARM/sdk/pico/pico-sdk/lib/tinyusb/src/device/usbd.c.obj
                0x2000091c                dcd_event_handler
 *(.text*)
 .text          0x20000b08        0x4 c:/vsarm/armcc/102020~1/bin/../lib/gcc/arm-none-eabi/10.2.1/thumb/v6-m/nofp\libgcc.a(_dvmd_tls.o)
                0x20000b08                __aeabi_idiv0
                0x20000b08                __aeabi_ldiv0
 *fill*         0x20000b0c        0x4 
 .text.__stub   0x20000b10       0x90 linker stubs
                0x20000ba0                . = ALIGN (0x4)
 *(.rodata*)
                0x20000ba0                . = ALIGN (0x4)
 *(.data*)
 .data.vmmio_list
                0x20000ba0      0x400 CMakeFiles/EMBEDDED_NODE_RP2040.dir/vmmio/vmmio.c.obj
                0x20000ba0                vmmio_list
 .data.vmmio_reg_vals
                0x20000fa0      0x100 CMakeFiles/EMBEDDED_NODE_RP2040.dir/vmmio/vmmio.c.obj
                0x20000fa0                vmmio_reg_vals
 .data.striped_spin_lock_num
                0x200010a0        0x1 CMakeFiles/EMBEDDED_NODE_RP2040.dir/C_/VSARM/sdk/pico/pico-sdk/src/rp2_common/hardware_sync/sync.c.obj
 *fill*         0x200010a1        0x3 
 .data          0x200010a4       0x48 CMakeFiles/EMBEDDED_NODE_RP2040.dir/C_/VSARM/sdk/pico/pico-sdk/src/rp2_common/hardware_irq/irq_handler_chain.S.obj
                0x200010a4                irq_handler_chain_slots
                0x200010d4                irq_handler_chain_first_slot
                0x200010de                irq_handler_chain_remove_tail
 .data.default_alarm_pool
                0x200010ec       0x18 CMakeFiles/EMBEDDED_NODE_RP2040.dir/C_/VSARM/sdk/pico/pico-sdk/src/common/pico_time/time.c.obj
 .data.default_alarm_pool_heap